Archive member included to satisfy reference by file (symbol)

app/libapp.a(main.c.obj)      (--whole-archive)
app/libapp.a(treecast.c.obj)  (--whole-archive)
app/libapp.a(crypto_backend.c.obj)
                              (--whole-archive)
app/libapp.a(soft_aes.c.obj)  (--whole-archive)
zephyr/libzephyr.a(heap.c.obj)
                              (--whole-archive)
zephyr/libzephyr.a(cbprintf_packaged.c.obj)
                              (--whole-archive)
zephyr/libzephyr.a(printk.c.obj)
                              (--whole-archive)
zephyr/libzephyr.a(sem.c.obj)
                              (--whole-archive)
zephyr/libzephyr.a(thread_entry.c.obj)
                              (--whole-archive)
zephyr/libzephyr.a(cbprintf_complete.c.obj)
                              (--whole-archive)
zephyr/libzephyr.a(assert.c.obj)
                              (--whole-archive)
zephyr/libzephyr.a(mpsc_pbuf.c.obj)
                              (--whole-archive)
zephyr/libzephyr.a(dec.c.obj)
                              (--whole-archive)
zephyr/libzephyr.a(hex.c.obj)
                              (--whole-archive)
zephyr/libzephyr.a(rb.c.obj)  (--whole-archive)
zephyr/libzephyr.a(timeutil.c.obj)
                              (--whole-archive)
zephyr/libzephyr.a(bitarray.c.obj)
                              (--whole-archive)
zephyr/libzephyr.a(onoff.c.obj)
                              (--whole-archive)
zephyr/libzephyr.a(notify.c.obj)
                              (--whole-archive)
zephyr/libzephyr.a(last_section_id.c.obj)
                              (--whole-archive)
zephyr/libzephyr.a(configs.c.obj)
                              (--whole-archive)
zephyr/libzephyr.a(log_core.c.obj)
                              (--whole-archive)
zephyr/libzephyr.a(log_mgmt.c.obj)
                              (--whole-archive)
zephyr/libzephyr.a(log_cache.c.obj)
                              (--whole-archive)
zephyr/libzephyr.a(log_msg.c.obj)
                              (--whole-archive)
zephyr/libzephyr.a(log_output.c.obj)
                              (--whole-archive)
zephyr/libzephyr.a(log_backend_uart.c.obj)
                              (--whole-archive)
zephyr/libzephyr.a(mem_attr.c.obj)
                              (--whole-archive)
zephyr/libzephyr.a(tracing_none.c.obj)
                              (--whole-archive)
zephyr/libzephyr.a(banner.c.obj)
                              (--whole-archive)
zephyr/libzephyr.a(nrf_cc3xx_platform_abort_zephyr.c.obj)
                              (--whole-archive)
zephyr/libzephyr.a(nrf_cc3xx_platform_mutex_zephyr.c.obj)
                              (--whole-archive)
zephyr/libzephyr.a(flash_map_partition_manager.c.obj)
                              (--whole-archive)
zephyr/arch/common/libarch__common.a(sw_isr_common.c.obj)
                              (--whole-archive)
zephyr/arch/arch/arm/core/libarch__arm__core.a(fatal.c.obj)
                              (--whole-archive)
zephyr/arch/arch/arm/core/libarch__arm__core.a(nmi.c.obj)
                              (--whole-archive)
zephyr/arch/arch/arm/core/libarch__arm__core.a(nmi_on_reset.S.obj)
                              (--whole-archive)
zephyr/arch/arch/arm/core/libarch__arm__core.a(tls.c.obj)
                              (--whole-archive)
zephyr/arch/arch/arm/core/cortex_m/libarch__arm__core__cortex_m.a(exc_exit.c.obj)
                              (--whole-archive)
zephyr/arch/arch/arm/core/cortex_m/libarch__arm__core__cortex_m.a(fault.c.obj)
                              (--whole-archive)
zephyr/arch/arch/arm/core/cortex_m/libarch__arm__core__cortex_m.a(fault_s.S.obj)
                              (--whole-archive)
zephyr/arch/arch/arm/core/cortex_m/libarch__arm__core__cortex_m.a(fpu.c.obj)
                              (--whole-archive)
zephyr/arch/arch/arm/core/cortex_m/libarch__arm__core__cortex_m.a(reset.S.obj)
                              (--whole-archive)
zephyr/arch/arch/arm/core/cortex_m/libarch__arm__core__cortex_m.a(scb.c.obj)
                              (--whole-archive)
zephyr/arch/arch/arm/core/cortex_m/libarch__arm__core__cortex_m.a(thread_abort.c.obj)
                              (--whole-archive)
zephyr/arch/arch/arm/core/cortex_m/libarch__arm__core__cortex_m.a(vector_table.S.obj)
                              (--whole-archive)
zephyr/arch/arch/arm/core/cortex_m/libarch__arm__core__cortex_m.a(swap_helper.S.obj)
                              (--whole-archive)
zephyr/arch/arch/arm/core/cortex_m/libarch__arm__core__cortex_m.a(irq_manage.c.obj)
                              (--whole-archive)
zephyr/arch/arch/arm/core/cortex_m/libarch__arm__core__cortex_m.a(prep_c.c.obj)
                              (--whole-archive)
zephyr/arch/arch/arm/core/cortex_m/libarch__arm__core__cortex_m.a(thread.c.obj)
                              (--whole-archive)
zephyr/arch/arch/arm/core/cortex_m/libarch__arm__core__cortex_m.a(cpu_idle.c.obj)
                              (--whole-archive)
[...]
Memory Configuration

Name             Origin             Length             Attributes
FLASH            0x0000000000000000 0x0000000000100000 xr
RAM              0x0000000020000000 0x0000000000070000 xw
IDT_LIST         0x00000000ffff7fff 0x0000000000008000 xw
*default*        0x0000000000000000 0xffffffffffffffff

Linker script and memory map

                0x0000000000007a64                vfprintf = __l_vfprintf
                0x0000000000000000                vfscanf = __l_vfscanf
LOAD zephyr/CMakeFiles/zephyr_pre0.dir/misc/empty_file.c.obj
LOAD zephyr/CMakeFiles/offsets.dir/./arch/arm/core/offsets/offsets.c.obj
LOAD app/libapp.a
LOAD zephyr/libzephyr.a
LOAD zephyr/arch/common/libarch__common.a
LOAD zephyr/arch/arch/arm/core/libarch__arm__core.a
LOAD zephyr/arch/arch/arm/core/cortex_m/libarch__arm__core__cortex_m.a
LOAD zephyr/arch/arch/arm/core/cortex_m/cmse/libarch__arm__core__cortex_m__cmse.a
LOAD zephyr/arch/arch/arm/core/mpu/libarch__arm__core__mpu.a
LOAD zephyr/lib/libc/picolibc/liblib__libc__picolibc.a
LOAD zephyr/lib/libc/common/liblib__libc__common.a
LOAD zephyr/soc/soc/nrf5340/libsoc__nordic.a
LOAD zephyr/subsys/random/libsubsys__random.a
LOAD zephyr/drivers/clock_control/libdrivers__clock_control.a
LOAD zephyr/drivers/console/libdrivers__console.a
LOAD zephyr/drivers/gpio/libdrivers__gpio.a
LOAD zephyr/drivers/pinctrl/libdrivers__pinctrl.a
LOAD zephyr/drivers/serial/libdrivers__serial.a
LOAD zephyr/drivers/timer/libdrivers__timer.a
LOAD modules/nrf/subsys/nrf_security/src/zephyr/libmbedtls_zephyr.a
LOAD modules/nrf/drivers/hw_cc3xx/lib..__nrf__drivers__hw_cc3xx.a
LOAD modules/hal_nordic/modules/hal_nordic/nrfx/libmodules__hal_nordic__nrfx.a
LOAD zephyr/kernel/libkernel.a
LOAD zephyr/arch/common/libisr_tables.a
LOAD modules/nrf/subsys/nrf_security/src/libmbedcrypto.a
LOAD modules/nrf/subsys/nrf_security/src/core/nrf_oberon/liboberon_psa_core.a
LOAD modules/nrf/subsys/nrf_security/src/drivers/nrf_oberon/liboberon_psa_driver.a
LOAD /opt/nordic/ncs/v3.0.0/nrfxlib/crypto/nrf_oberon/lib/cortex-m33/soft-float/liboberon_mbedtls_3.0.16.a
LOAD modules/nrf/subsys/nrf_security/src/libmbedcrypto.a
LOAD modules/nrf/subsys/nrf_security/src/core/nrf_oberon/liboberon_psa_core.a
LOAD modules/nrf/subsys/nrf_security/src/drivers/nrf_oberon/liboberon_psa_driver.a
LOAD /opt/nordic/ncs/v3.0.0/nrfxlib/crypto/nrf_oberon/lib/cortex-m33/soft-float/liboberon_mbedtls_3.0.16.a
LOAD /opt/nordic/ncs/v3.0.0/nrfxlib/crypto/nrf_cc312_platform/lib/cortex-m33/soft-float/no-interrupts/libnrf_cc312_platform_0.9.19.a
LOAD modules/nrf/subsys/nrf_security/src/libmbedcrypto_base.a
LOAD modules/nrf/subsys/nrf_security/src/libnrf_security_utils.a
LOAD zephyr/kernel/libkernel.a
LOAD /opt/nordic/ncs/v3.0.0/nrfxlib/crypto/nrf_oberon/lib/cortex-m33/soft-float/liboberon_3.0.16.a
LOAD /opt/nordic/ncs/toolchains/ef4fc6722e/opt/zephyr-sdk/arm-zephyr-eabi/bin/../lib/gcc/../../picolibc/arm-zephyr-eabi/lib/thumb/v8-m.main/nofp/libc.a
LOAD /opt/nordic/ncs/toolchains/ef4fc6722e/opt/zephyr-sdk/arm-zephyr-eabi/bin/../lib/gcc/arm-zephyr-eabi/12.2.0/thumb/v8-m.main/nofp/libgcc.a
                0x0000000000000020                _region_min_align = 0x20

.rel.plt        0x0000000000000000        0x0
 *(SORT_BY_ALIGNMENT(.rel.plt))
                [!provide]                        PROVIDE (__rel_iplt_start = .)
 *(SORT_BY_ALIGNMENT(.rel.iplt))
 .rel.iplt      0x0000000000000000        0x0 app/libapp.a(main.c.obj)
                [!provide]                        PROVIDE (__rel_iplt_end = .)

.rela.plt       0x0000000000000000        0x0
 *(SORT_BY_ALIGNMENT(.rela.plt))
                [!provide]                        PROVIDE (__rela_iplt_start = .)
 *(SORT_BY_ALIGNMENT(.rela.iplt))
                [!provide]                        PROVIDE (__rela_iplt_end = .)

.rel.dyn
 *(SORT_BY_ALIGNMENT(.rel.*))

.rela.dyn
 *(SORT_BY_ALIGNMENT(.rela.*))

/DISCARD/
 *(SORT_BY_ALIGNMENT(.plt))

/DISCARD/
 *(SORT_BY_ALIGNMENT(.iplt))
                0x0000000000000000                __rom_region_start = 0x0

rom_start       0x0000000000000000      0x154
                0x0000000000000000                __rom_start_address = .
 FILL mask 0x00
                0x0000000000000000                . = (. + (0x0 - (. - __rom_start_address)))
                0x0000000000000000                . = ALIGN (0x4)
                0x0000000000000000                . = ALIGN (0x80)
                0x0000000000000000                . = ALIGN (0x200)
                0x0000000000000000                _vector_start = .
 *(SORT_BY_ALIGNMENT(.exc_vector_table))
 *(SORT_BY_ALIGNMENT(.exc_vector_table.*))
 .exc_vector_table._vector_table_section
                0x0000000000000000       0x40 zephyr/arch/arch/arm/core/cortex_m/libarch__arm__core__cortex_m.a(vector_table.S.obj)
                0x0000000000000000                _vector_table
 *(SORT_BY_ALIGNMENT(.vectors))
                0x0000000000000154                _vector_end = .
                0x0000000000000040                . = ALIGN (0x4)
 *(SORT_BY_ALIGNMENT(.gnu.linkonce.irq_vector_table*))
 .gnu.linkonce.irq_vector_table
                0x0000000000000040      0x114 zephyr/arch/common/libisr_tables.a(isr_tables.c.obj)
                0x0000000000000040                _irq_vector_table
                0x0000000000000154                _vector_end = .

text            0x0000000000000154     0x9660
                0x0000000000000154                __text_region_start = .
 *(SORT_BY_ALIGNMENT(.text))
 .text          0x0000000000000154      0x41c /opt/nordic/ncs/v3.0.0/nrfxlib/crypto/nrf_oberon/lib/cortex-m33/soft-float/liboberon_3.0.16.a(ocrypto_bigint256.s.obj)
                0x0000000000000154                ocrypto_bigint_add256
                0x0000000000000194                ocrypto_bigint_sub256
                0x00000000000001d4                ocrypto_bigint_cadd256
                0x0000000000000230                ocrypto_bigint_csub256
                0x000000000000028c                ocrypto_bigint_cswap256
                0x00000000000002c0                ocrypto_mul256_noframe
                0x0000000000000418                ocrypto_bigint_mul256
                0x0000000000000438                ocrypto_sqr256_noframe
                0x0000000000000550                ocrypto_bigint_sqr256
 .text          0x0000000000000570      0x334 /opt/nordic/ncs/v3.0.0/nrfxlib/crypto/nrf_oberon/lib/cortex-m33/soft-float/liboberon_3.0.16.a(ocrypto_sha256_loop.s.obj)
                0x0000000000000570                ocrypto_sha256_loop
 .text          0x00000000000008a4       0x5c /opt/nordic/ncs/v3.0.0/nrfxlib/crypto/nrf_oberon/lib/cortex-m33/soft-float/liboberon_3.0.16.a(ocrypto_constant_time.s.obj)
                0x00000000000008a4                ocrypto_constant_time_equal
                0x00000000000008cc                ocrypto_constant_time_is_zero
                0x00000000000008e8                ocrypto_constant_time_xor
 .text          0x0000000000000900      0x1ec /opt/nordic/ncs/v3.0.0/nrfxlib/crypto/nrf_oberon/lib/cortex-m33/soft-float/liboberon_3.0.16.a(ocrypto_mod_p256_base.s.obj)
                0x0000000000000900                ocrypto_mod_p256_add
                0x000000000000097c                ocrypto_mod_p256_sub
                0x0000000000000a8c                ocrypto_mod_p256_mul
                0x0000000000000abc                ocrypto_mod_p256_sqr
 .text          0x0000000000000aec       0x30 /opt/nordic/ncs/toolchains/ef4fc6722e/opt/zephyr-sdk/arm-zephyr-eabi/bin/../lib/gcc/arm-zephyr-eabi/12.2.0/thumb/v8-m.main/nofp/libgcc.a(_aeabi_uldivmod.o)
                0x0000000000000aec                __aeabi_uldivmod
 .text          0x0000000000000b1c        0x4 /opt/nordic/ncs/toolchains/ef4fc6722e/opt/zephyr-sdk/arm-zephyr-eabi/bin/../lib/gcc/arm-zephyr-eabi/12.2.0/thumb/v8-m.main/nofp/libgcc.a(_dvmd_tls.o)
                0x0000000000000b1c                __aeabi_ldiv0
                0x0000000000000b1c                __aeabi_idiv0
 .text          0x0000000000000b20       0x10 /opt/nordic/ncs/toolchains/ef4fc6722e/opt/zephyr-sdk/arm-zephyr-eabi/bin/../lib/gcc/../../picolibc/arm-zephyr-eabi/lib/thumb/v8-m.main/nofp/libc.a(strlen.S.o)
                0x0000000000000b20                strlen
 .text          0x0000000000000b30      0x29c /opt/nordic/ncs/toolchains/ef4fc6722e/opt/zephyr-sdk/arm-zephyr-eabi/bin/../lib/gcc/arm-zephyr-eabi/12.2.0/thumb/v8-m.main/nofp/libgcc.a(_udivmoddi4.o)
                0x0000000000000b30                __udivmoddi4
 *(SORT_BY_ALIGNMENT(.text.*))
 .text.print_cycles_time.constprop.0
                0x0000000000000dcc      0x104 app/libapp.a(main.c.obj)
 .text.main     0x0000000000000ed0      0x608 app/libapp.a(main.c.obj)
                0x0000000000000ed0                main
 .text.soft_aes_ctr_encrypt
                0x00000000000014d8       0xd0 app/libapp.a(soft_aes.c.obj)
                0x00000000000014d8                soft_aes_ctr_encrypt
 .text.cbvprintf_package
                0x00000000000015a8      0x3a4 zephyr/libzephyr.a(cbprintf_packaged.c.obj)
                0x00000000000015a8                cbvprintf_package
 .text.cbprintf_package_convert
                0x000000000000194c      0x3cc zephyr/libzephyr.a(cbprintf_packaged.c.obj)
                0x000000000000194c                cbprintf_package_convert
 .text.__printk_hook_install
                0x0000000000001d18        0xc zephyr/libzephyr.a(printk.c.obj)
                0x0000000000001d18                __printk_hook_install
 .text.z_thread_entry
                0x0000000000001d24       0x34 zephyr/libzephyr.a(thread_entry.c.obj)
                0x0000000000001d24                z_thread_entry
 .text.process_event
                0x0000000000001d58      0x21c zephyr/libzephyr.a(onoff.c.obj)
 .text.activate_foreach_backend
                0x0000000000001f74       0x64 zephyr/libzephyr.a(log_core.c.obj)
 .text.enable_logger
                0x0000000000001fd8       0x5c zephyr/libzephyr.a(log_core.c.obj)
 .text.log_process_thread_timer_expiry_fn
                0x0000000000002034        0xc zephyr/libzephyr.a(log_core.c.obj)
 .text.z_log_init
                0x0000000000002040       0x90 zephyr/libzephyr.a(log_core.c.obj)
 .text.log_format_func_t_get
                0x00000000000020d0        0xc zephyr/libzephyr.a(log_core.c.obj)
                0x00000000000020d0                log_format_func_t_get
 .text.log_set_timestamp_func
                0x00000000000020dc       0x20 zephyr/libzephyr.a(log_core.c.obj)
                0x00000000000020dc                log_set_timestamp_func
 .text.z_log_notify_backend_enabled
                0x00000000000020fc       0x1c zephyr/libzephyr.a(log_core.c.obj)
                0x00000000000020fc                z_log_notify_backend_enabled
 .text.z_log_dropped
                0x0000000000002118       0x3c zephyr/libzephyr.a(log_core.c.obj)
                0x0000000000002118                z_log_dropped
 .text.z_log_dropped_read_and_clear
                0x0000000000002154       0x18 zephyr/libzephyr.a(log_core.c.obj)
                0x0000000000002154                z_log_dropped_read_and_clear
 .text.dropped_notify
                0x000000000000216c       0x30 zephyr/libzephyr.a(log_core.c.obj)
                0x000000000000216c                dropped_notify
 .text.z_log_msg_init
                0x000000000000219c       0x20 zephyr/libzephyr.a(log_core.c.obj)
                0x000000000000219c                z_log_msg_init
 .text.log_core_init
                0x00000000000021bc       0x34 zephyr/libzephyr.a(log_core.c.obj)
                0x00000000000021bc                log_core_init
 .text.z_log_msg_alloc
                0x00000000000021f0       0x10 zephyr/libzephyr.a(log_core.c.obj)
                0x00000000000021f0                z_log_msg_alloc
 .text.z_log_msg_local_claim
                0x0000000000002200        0xc zephyr/libzephyr.a(log_core.c.obj)
                0x0000000000002200                z_log_msg_local_claim
 .text.z_log_msg_free
                0x000000000000220c       0x10 zephyr/libzephyr.a(log_core.c.obj)
                0x000000000000220c                z_log_msg_free
 .text.z_log_msg_pending
                0x000000000000221c        0xc zephyr/libzephyr.a(log_core.c.obj)
                0x000000000000221c                z_log_msg_pending
 .text.z_impl_log_process
                0x0000000000002228       0xb4 zephyr/libzephyr.a(log_core.c.obj)
                0x0000000000002228                z_impl_log_process
 .text.z_impl_log_panic
                0x00000000000022dc       0x44 zephyr/libzephyr.a(log_core.c.obj)
                0x00000000000022dc                z_impl_log_panic
 .text.log_process_thread_func
                0x0000000000002320       0xa4 zephyr/libzephyr.a(log_core.c.obj)
 .text.z_log_msg_post_finalize
                0x00000000000023c4       0x78 zephyr/libzephyr.a(log_core.c.obj)
 .text.z_log_msg_commit
                0x000000000000243c       0x24 zephyr/libzephyr.a(log_core.c.obj)
                0x000000000000243c                z_log_msg_commit
 .text.log_source_name_get
                0x0000000000002460       0x1c zephyr/libzephyr.a(log_mgmt.c.obj)
                0x0000000000002460                log_source_name_get
 .text.log_backend_enable
                0x000000000000247c       0x28 zephyr/libzephyr.a(log_mgmt.c.obj)
                0x000000000000247c                log_backend_enable
 .text.z_impl_z_log_msg_static_create
                0x00000000000024a4      0x108 zephyr/libzephyr.a(log_msg.c.obj)
                0x00000000000024a4                z_impl_z_log_msg_static_create
 .text.z_log_msg_runtime_vcreate
                0x00000000000025ac       0xa0 zephyr/libzephyr.a(log_msg.c.obj)
                0x00000000000025ac                z_log_msg_runtime_vcreate
 .text.log_msg_get_source_id
                0x000000000000264c       0x18 zephyr/libzephyr.a(log_msg.c.obj)
                0x000000000000264c                log_msg_get_source_id
 .text.print_formatted
                0x0000000000002664       0x24 zephyr/libzephyr.a(log_output.c.obj)
 .text.newline_print
                0x0000000000002688       0x1c zephyr/libzephyr.a(log_output.c.obj)
 .text.log_output_process
                0x00000000000026a4      0x2d4 zephyr/libzephyr.a(log_output.c.obj)
                0x00000000000026a4                log_output_process
 .text.log_output_dropped_process
                0x0000000000002978       0x58 zephyr/libzephyr.a(log_output.c.obj)
                0x0000000000002978                log_output_dropped_process
 .text.log_output_timestamp_freq_set
                0x00000000000029d0       0x2c zephyr/libzephyr.a(log_output.c.obj)
                0x00000000000029d0                log_output_timestamp_freq_set
 .text.char_out
                0x00000000000029fc       0x24 zephyr/libzephyr.a(log_backend_uart.c.obj)
 .text.mem_attr_get_regions
                0x0000000000002a20        0xc zephyr/libzephyr.a(mem_attr.c.obj)
                0x0000000000002a20                mem_attr_get_regions
 .text.boot_banner
                0x0000000000002a2c       0x1c zephyr/libzephyr.a(banner.c.obj)
                0x0000000000002a2c                boot_banner
 .text.nrf_cc3xx_platform_abort_init
                0x0000000000002a48        0xc zephyr/libzephyr.a(nrf_cc3xx_platform_abort_zephyr.c.obj)
                0x0000000000002a48                nrf_cc3xx_platform_abort_init
 .text.mutex_free_platform
                0x0000000000002a54       0x54 zephyr/libzephyr.a(nrf_cc3xx_platform_mutex_zephyr.c.obj)
 .text.mutex_lock_platform
                0x0000000000002aa8       0x74 zephyr/libzephyr.a(nrf_cc3xx_platform_mutex_zephyr.c.obj)
 .text.mutex_unlock_platform
                0x0000000000002b1c       0x68 zephyr/libzephyr.a(nrf_cc3xx_platform_mutex_zephyr.c.obj)
 .text.mutex_init_platform
                0x0000000000002b84       0x94 zephyr/libzephyr.a(nrf_cc3xx_platform_mutex_zephyr.c.obj)
 .text.nrf_cc3xx_platform_mutex_init
                0x0000000000002c18       0x2c zephyr/libzephyr.a(nrf_cc3xx_platform_mutex_zephyr.c.obj)
                0x0000000000002c18                nrf_cc3xx_platform_mutex_init
 .text.z_arm_fatal_error
                0x0000000000002c44       0xb8 zephyr/arch/arch/arm/core/libarch__arm__core.a(fatal.c.obj)
                0x0000000000002c44                z_arm_fatal_error
 .text.z_SysNmiOnReset
                0x0000000000002cfc        0x8 zephyr/arch/arch/arm/core/libarch__arm__core.a(nmi_on_reset.S.obj)
                0x0000000000002cfc                z_SysNmiOnReset
 .text.arch_tls_stack_setup
                0x0000000000002d04       0x40 zephyr/arch/arch/arm/core/libarch__arm__core.a(tls.c.obj)
                0x0000000000002d04                arch_tls_stack_setup
 .text._HandlerModeExit
                0x0000000000002d44       0x28 zephyr/arch/arch/arm/core/cortex_m/libarch__arm__core__cortex_m.a(exc_exit.c.obj)
                0x0000000000002d44                z_arm_exc_exit
                0x0000000000002d44                z_arm_int_exit
 .text.mem_manage_fault.constprop.0
                0x0000000000002d6c       0xd0 zephyr/arch/arch/arm/core/cortex_m/libarch__arm__core__cortex_m.a(fault.c.obj)
 .text.usage_fault.constprop.0
                0x0000000000002e3c       0xbc zephyr/arch/arch/arm/core/cortex_m/libarch__arm__core__cortex_m.a(fault.c.obj)
 .text.bus_fault.constprop.0
                0x0000000000002ef8       0xd0 zephyr/arch/arch/arm/core/cortex_m/libarch__arm__core__cortex_m.a(fault.c.obj)
 .text.z_arm_fault
                0x0000000000002fc8      0x1d0 zephyr/arch/arch/arm/core/cortex_m/libarch__arm__core__cortex_m.a(fault.c.obj)
                0x0000000000002fc8                z_arm_fault
 .text.z_arm_fault_init
                0x0000000000003198       0x20 zephyr/arch/arch/arm/core/cortex_m/libarch__arm__core__cortex_m.a(fault.c.obj)
                0x0000000000003198                z_arm_fault_init
 .text.__fault  0x00000000000031b8       0x14 zephyr/arch/arch/arm/core/cortex_m/libarch__arm__core__cortex_m.a(fault_s.S.obj)
                0x00000000000031b8                z_arm_bus_fault
                0x00000000000031b8                z_arm_usage_fault
                0x00000000000031b8                z_arm_mpu_fault
                0x00000000000031b8                z_arm_exc_spurious
                0x00000000000031b8                z_arm_debug_monitor
                0x00000000000031b8                z_arm_hard_fault
 .text._reset_section
                0x00000000000031cc       0x60 zephyr/arch/arch/arm/core/cortex_m/libarch__arm__core__cortex_m.a(reset.S.obj)
                0x00000000000031cc                z_arm_reset
                0x00000000000031cc                __start
 .text.z_arm_clear_arm_mpu_config
                0x000000000000322c       0x24 zephyr/arch/arch/arm/core/cortex_m/libarch__arm__core__cortex_m.a(scb.c.obj)
                0x000000000000322c                z_arm_clear_arm_mpu_config
 .text.z_arm_init_arch_hw_at_boot
                0x0000000000003250       0x4c zephyr/arch/arch/arm/core/cortex_m/libarch__arm__core__cortex_m.a(scb.c.obj)
                0x0000000000003250                z_arm_init_arch_hw_at_boot
 .text.z_impl_k_thread_abort
                0x000000000000329c       0x2c zephyr/arch/arch/arm/core/cortex_m/libarch__arm__core__cortex_m.a(thread_abort.c.obj)
                0x000000000000329c                z_impl_k_thread_abort
 .text.z_arm_pendsv
                0x00000000000032c8       0x68 zephyr/arch/arch/arm/core/cortex_m/libarch__arm__core__cortex_m.a(swap_helper.S.obj)
                0x00000000000032c8                z_arm_pendsv
 .text.z_arm_svc
                0x0000000000003330       0x24 zephyr/arch/arch/arm/core/cortex_m/libarch__arm__core__cortex_m.a(swap_helper.S.obj)
                0x0000000000003330                z_arm_svc
 .text.arch_irq_enable
                0x0000000000003354       0x1c zephyr/arch/arch/arm/core/cortex_m/libarch__arm__core__cortex_m.a(irq_manage.c.obj)
                0x0000000000003354                arch_irq_enable
 .text.arch_irq_is_enabled
                0x0000000000003370       0x1c zephyr/arch/arch/arm/core/cortex_m/libarch__arm__core__cortex_m.a(irq_manage.c.obj)
                0x0000000000003370                arch_irq_is_enabled
 .text.z_arm_irq_priority_set
                0x000000000000338c       0x2c zephyr/arch/arch/arm/core/cortex_m/libarch__arm__core__cortex_m.a(irq_manage.c.obj)
                0x000000000000338c                z_arm_irq_priority_set
 .text.z_prep_c
                0x00000000000033b8       0x38 zephyr/arch/arch/arm/core/cortex_m/libarch__arm__core__cortex_m.a(prep_c.c.obj)
                0x00000000000033b8                z_prep_c
 .text.arch_new_thread
                0x00000000000033f0       0x38 zephyr/arch/arch/arm/core/cortex_m/libarch__arm__core__cortex_m.a(thread.c.obj)
                0x00000000000033f0                arch_new_thread
 .text.arch_switch_to_main_thread
                0x0000000000003428       0x40 zephyr/arch/arch/arm/core/cortex_m/libarch__arm__core__cortex_m.a(thread.c.obj)
                0x0000000000003428                arch_switch_to_main_thread
 .text.z_arm_cpu_idle_init
                0x0000000000003468        0xc zephyr/arch/arch/arm/core/cortex_m/libarch__arm__core__cortex_m.a(cpu_idle.c.obj)
                0x0000000000003468                z_arm_cpu_idle_init
 .text.z_arm_interrupt_init
                0x0000000000003474       0x18 zephyr/arch/arch/arm/core/cortex_m/libarch__arm__core__cortex_m.a(irq_init.c.obj)
                0x0000000000003474                z_arm_interrupt_init
 .text._isr_wrapper
                0x000000000000348c       0x24 zephyr/arch/arch/arm/core/cortex_m/libarch__arm__core__cortex_m.a(isr_wrapper.c.obj)
                0x000000000000348c                _isr_wrapper
 .text.z_arm_configure_static_mpu_regions
                0x00000000000034b0       0x38 zephyr/arch/arch/arm/core/mpu/libarch__arm__core__mpu.a(arm_core_mpu.c.obj)
                0x00000000000034b0                z_arm_configure_static_mpu_regions
 .text.region_init
                0x00000000000034e8       0x34 zephyr/arch/arch/arm/core/mpu/libarch__arm__core__mpu.a(arm_mpu.c.obj)
 .text.region_allocate_and_init
                0x000000000000351c       0x38 zephyr/arch/arch/arm/core/mpu/libarch__arm__core__mpu.a(arm_mpu.c.obj)
 .text.mpu_configure_regions_and_partition.constprop.0
                0x0000000000003554      0x164 zephyr/arch/arch/arm/core/mpu/libarch__arm__core__mpu.a(arm_mpu.c.obj)
 .text.arm_core_mpu_enable
                0x00000000000036b8       0x18 zephyr/arch/arch/arm/core/mpu/libarch__arm__core__mpu.a(arm_mpu.c.obj)
                0x00000000000036b8                arm_core_mpu_enable
 .text.arm_core_mpu_disable
                0x00000000000036d0       0x14 zephyr/arch/arch/arm/core/mpu/libarch__arm__core__mpu.a(arm_mpu.c.obj)
                0x00000000000036d0                arm_core_mpu_disable
 .text.arm_core_mpu_configure_static_mpu_regions
                0x00000000000036e4       0x14 zephyr/arch/arch/arm/core/mpu/libarch__arm__core__mpu.a(arm_mpu.c.obj)
                0x00000000000036e4                arm_core_mpu_configure_static_mpu_regions
 .text.arm_core_mpu_mark_areas_for_dynamic_regions
                0x00000000000036f8       0xb8 zephyr/arch/arch/arm/core/mpu/libarch__arm__core__mpu.a(arm_mpu.c.obj)
                0x00000000000036f8                arm_core_mpu_mark_areas_for_dynamic_regions
 .text.z_arm_mpu_init
                0x00000000000037b0      0x11c zephyr/arch/arch/arm/core/mpu/libarch__arm__core__mpu.a(arm_mpu.c.obj)
                0x00000000000037b0                z_arm_mpu_init
 .text.cbvprintf
                0x00000000000038cc       0x38 zephyr/lib/libc/picolibc/liblib__libc__picolibc.a(cbprintf.c.obj)
                0x00000000000038cc                cbvprintf
 .text.z_impl_zephyr_fputc
                0x0000000000003904       0x10 zephyr/lib/libc/picolibc/liblib__libc__picolibc.a(stdio.c.obj)
                0x0000000000003904                z_impl_zephyr_fputc
 .text.__stdout_hook_install
                0x0000000000003914       0x18 zephyr/lib/libc/picolibc/liblib__libc__picolibc.a(stdio.c.obj)
                0x0000000000003914                __stdout_hook_install
 .text.malloc_prepare
                0x000000000000392c       0x24 zephyr/lib/libc/common/liblib__libc__common.a(malloc.c.obj)
 .text.nrf_gpio_pin_control_select
                0x0000000000003950       0x3c zephyr/soc/soc/nrf5340/libsoc__nordic.a(soc.c.obj)
 .text.nordicsemi_nrf53_init
                0x000000000000398c       0x5c zephyr/soc/soc/nrf5340/libsoc__nordic.a(soc.c.obj)
 .text.rtc_pretick_init
                0x00000000000039e8       0x60 zephyr/soc/soc/nrf5340/libsoc__nordic.a(soc.c.obj)
 .text.z_arm_on_enter_cpu_idle
                0x0000000000003a48       0x64 zephyr/soc/soc/nrf5340/libsoc__nordic.a(soc.c.obj)
                0x0000000000003a48                z_arm_on_enter_cpu_idle
 .text.arch_busy_wait
                0x0000000000003aac       0x24 zephyr/soc/soc/nrf5340/libsoc__nordic.a(soc.c.obj)
                0x0000000000003aac                arch_busy_wait
 .text.nrf53_cpunet_mgmt_init
                0x0000000000003ad0       0x10 zephyr/soc/soc/nrf5340/libsoc__nordic.a(nrf53_cpunet_mgmt.c.obj)
 .text.onoff_start
                0x0000000000003ae0       0x6c zephyr/soc/soc/nrf5340/libsoc__nordic.a(nrf53_cpunet_mgmt.c.obj)
 .text.z_impl_sys_rand_get
                0x0000000000003b4c       0x84 zephyr/subsys/random/libsubsys__random.a(random_timer.c.obj)
                0x0000000000003b4c                z_impl_sys_rand_get
 .text.onoff_stop
                0x0000000000003bd0       0x30 zephyr/drivers/clock_control/libdrivers__clock_control.a(clock_control_nrf.c.obj)
 .text.onoff_start
                0x0000000000003c00       0x44 zephyr/drivers/clock_control/libdrivers__clock_control.a(clock_control_nrf.c.obj)
 .text.generic_hfclk_stop
                0x0000000000003c44       0x34 zephyr/drivers/clock_control/libdrivers__clock_control.a(clock_control_nrf.c.obj)
 .text.clk_init
                0x0000000000003c78       0x64 zephyr/drivers/clock_control/libdrivers__clock_control.a(clock_control_nrf.c.obj)
 .text.api_blocking_start
                0x0000000000003cdc       0x34 zephyr/drivers/clock_control/libdrivers__clock_control.a(clock_control_nrf.c.obj)
 .text.clkstarted_handle.constprop.0
                0x0000000000003d10       0x4c zephyr/drivers/clock_control/libdrivers__clock_control.a(clock_control_nrf.c.obj)
 .text.generic_hfclk_start
                0x0000000000003d5c       0x78 zephyr/drivers/clock_control/libdrivers__clock_control.a(clock_control_nrf.c.obj)
 .text.clock_event_handler
                0x0000000000003dd4       0x34 zephyr/drivers/clock_control/libdrivers__clock_control.a(clock_control_nrf.c.obj)
 .text.z_nrf_clock_control_lf_on
                0x0000000000003e08       0xf8 zephyr/drivers/clock_control/libdrivers__clock_control.a(clock_control_nrf.c.obj)
                0x0000000000003e08                z_nrf_clock_control_lf_on
 .text.uart_console_init
                0x0000000000003f00       0x28 zephyr/drivers/console/libdrivers__console.a(uart_console.c.obj)
 .text.console_out
                0x0000000000003f28       0x28 zephyr/drivers/console/libdrivers__console.a(uart_console.c.obj)
 .text.gpio_nrfx_pin_interrupt_configure
                0x0000000000003f50      0x100 zephyr/drivers/gpio/libdrivers__gpio.a(gpio_nrfx.c.obj)
 .text.gpio_nrfx_init
                0x0000000000004050       0x48 zephyr/drivers/gpio/libdrivers__gpio.a(gpio_nrfx.c.obj)
 .text.nrfx_gpio_handler
                0x0000000000004098       0x4c zephyr/drivers/gpio/libdrivers__gpio.a(gpio_nrfx.c.obj)
 .text.gpio_nrfx_pin_configure
                0x00000000000040e4      0x188 zephyr/drivers/gpio/libdrivers__gpio.a(gpio_nrfx.c.obj)
 .text.nrf_gpio_pin_port_decode
                0x000000000000426c       0x24 zephyr/drivers/pinctrl/libdrivers__pinctrl.a(pinctrl_nrf.c.obj)
 .text.pinctrl_configure_pins
                0x0000000000004290      0x1a0 zephyr/drivers/pinctrl/libdrivers__pinctrl.a(pinctrl_nrf.c.obj)
                0x0000000000004290                pinctrl_configure_pins
 .text.uarte_nrfx_poll_out
                0x0000000000004430       0xb4 zephyr/drivers/serial/libdrivers__serial.a(uart_nrfx_uarte.c.obj)
 .text.uarte_0_init
                0x00000000000044e4      0x120 zephyr/drivers/serial/libdrivers__serial.a(uart_nrfx_uarte.c.obj)
 .text.compare_int_lock
                0x0000000000004604       0x40 zephyr/drivers/timer/libdrivers__timer.a(nrf_rtc_timer.c.obj)
 .text.sys_clock_timeout_handler
                0x0000000000004644       0x48 zephyr/drivers/timer/libdrivers__timer.a(nrf_rtc_timer.c.obj)
 .text.compare_int_unlock
                0x000000000000468c       0x4c zephyr/drivers/timer/libdrivers__timer.a(nrf_rtc_timer.c.obj)
 .text.z_nrf_rtc_timer_read
                0x00000000000046d8       0x44 zephyr/drivers/timer/libdrivers__timer.a(nrf_rtc_timer.c.obj)
                0x00000000000046d8                z_nrf_rtc_timer_read
 .text.compare_set
                0x000000000000471c      0x124 zephyr/drivers/timer/libdrivers__timer.a(nrf_rtc_timer.c.obj)
 .text.sys_clock_driver_init
                0x0000000000004840       0x90 zephyr/drivers/timer/libdrivers__timer.a(nrf_rtc_timer.c.obj)
 .text.rtc_nrf_isr
                0x00000000000048d0       0xd0 zephyr/drivers/timer/libdrivers__timer.a(nrf_rtc_timer.c.obj)
                0x00000000000048d0                rtc_nrf_isr
 .text.sys_clock_set_timeout
                0x00000000000049a0       0x5c zephyr/drivers/timer/libdrivers__timer.a(nrf_rtc_timer.c.obj)
                0x00000000000049a0                sys_clock_set_timeout
 .text.sys_clock_elapsed
                0x00000000000049fc       0x14 zephyr/drivers/timer/libdrivers__timer.a(nrf_rtc_timer.c.obj)
                0x00000000000049fc                sys_clock_elapsed
 .text.nrf53_errata_42
                0x0000000000004a10       0x24 modules/hal_nordic/modules/hal_nordic/nrfx/libmodules__hal_nordic__nrfx.a(system_nrf5340_application.c.obj)
 .text.SystemInit
                0x0000000000004a34      0x1c4 modules/hal_nordic/modules/hal_nordic/nrfx/libmodules__hal_nordic__nrfx.a(system_nrf5340_application.c.obj)
                0x0000000000004a34                SystemInit
 .text.nrfx_flag32_alloc
                0x0000000000004bf8       0x40 modules/hal_nordic/modules/hal_nordic/nrfx/libmodules__hal_nordic__nrfx.a(nrfx_flag32_allocator.c.obj)
                0x0000000000004bf8                nrfx_flag32_alloc
 .text.nrfx_flag32_free
                0x0000000000004c38       0x38 modules/hal_nordic/modules/hal_nordic/nrfx/libmodules__hal_nordic__nrfx.a(nrfx_flag32_allocator.c.obj)
                0x0000000000004c38                nrfx_flag32_free
 .text.nrfx_gppi_channels_enable
                0x0000000000004c70        0xc modules/hal_nordic/modules/hal_nordic/nrfx/libmodules__hal_nordic__nrfx.a(nrfx_gppi_dppi.c.obj)
                0x0000000000004c70                nrfx_gppi_channels_enable
 .text.nrfx_gppi_channel_alloc
                0x0000000000004c7c        0xc modules/hal_nordic/modules/hal_nordic/nrfx/libmodules__hal_nordic__nrfx.a(nrfx_gppi_dppi.c.obj)
                0x0000000000004c7c                nrfx_gppi_channel_alloc
 .text.clock_stop
                0x0000000000004c88       0xf4 modules/hal_nordic/modules/hal_nordic/nrfx/libmodules__hal_nordic__nrfx.a(nrfx_clock.c.obj)
 .text.nrfx_clock_init
                0x0000000000004d7c       0x20 modules/hal_nordic/modules/hal_nordic/nrfx/libmodules__hal_nordic__nrfx.a(nrfx_clock.c.obj)
                0x0000000000004d7c                nrfx_clock_init
 .text.nrfx_clock_enable
                0x0000000000004d9c       0x30 modules/hal_nordic/modules/hal_nordic/nrfx/libmodules__hal_nordic__nrfx.a(nrfx_clock.c.obj)
                0x0000000000004d9c                nrfx_clock_enable
 .text.nrfx_clock_start
                0x0000000000004dcc       0xd0 modules/hal_nordic/modules/hal_nordic/nrfx/libmodules__hal_nordic__nrfx.a(nrfx_clock.c.obj)
                0x0000000000004dcc                nrfx_clock_start
 .text.nrfx_power_clock_irq_handler
                0x0000000000004e9c       0x70 modules/hal_nordic/modules/hal_nordic/nrfx/libmodules__hal_nordic__nrfx.a(nrfx_clock.c.obj)
                0x0000000000004e9c                nrfx_power_clock_irq_handler
 .text.nrfx_dppi_channel_alloc
                0x0000000000004f0c       0x10 modules/hal_nordic/modules/hal_nordic/nrfx/libmodules__hal_nordic__nrfx.a(nrfx_dppi.c.obj)
                0x0000000000004f0c                nrfx_dppi_channel_alloc
 .text.nrf_gpio_pin_port_decode
                0x0000000000004f1c       0x24 modules/hal_nordic/modules/hal_nordic/nrfx/libmodules__hal_nordic__nrfx.a(nrfx_gpiote.c.obj)
 .text.get_pin_idx
                0x0000000000004f40       0x14 modules/hal_nordic/modules/hal_nordic/nrfx/libmodules__hal_nordic__nrfx.a(nrfx_gpiote.c.obj)
 .text.call_handler.constprop.0
                0x0000000000004f54       0x40 modules/hal_nordic/modules/hal_nordic/nrfx/libmodules__hal_nordic__nrfx.a(nrfx_gpiote.c.obj)
 .text.pin_te_get.constprop.0
                0x0000000000004f94       0x18 modules/hal_nordic/modules/hal_nordic/nrfx/libmodules__hal_nordic__nrfx.a(nrfx_gpiote.c.obj)
 .text.pin_is_output.constprop.0
                0x0000000000004fac       0x18 modules/hal_nordic/modules/hal_nordic/nrfx/libmodules__hal_nordic__nrfx.a(nrfx_gpiote.c.obj)
 .text.pin_in_use_by_te.constprop.0
                0x0000000000004fc4       0x18 modules/hal_nordic/modules/hal_nordic/nrfx/libmodules__hal_nordic__nrfx.a(nrfx_gpiote.c.obj)
 .text.latch_pending_read_and_check
                0x0000000000004fdc       0x3c modules/hal_nordic/modules/hal_nordic/nrfx/libmodules__hal_nordic__nrfx.a(nrfx_gpiote.c.obj)
 .text.release_handler.isra.0
                0x0000000000005018       0x58 modules/hal_nordic/modules/hal_nordic/nrfx/libmodules__hal_nordic__nrfx.a(nrfx_gpiote.c.obj)
 .text.__nrfy_internal_gpiote_events_process.constprop.0
                0x0000000000005070       0x5c modules/hal_nordic/modules/hal_nordic/nrfx/libmodules__hal_nordic__nrfx.a(nrfx_gpiote.c.obj)
 .text.pin_uninit
                0x00000000000050cc       0x84 modules/hal_nordic/modules/hal_nordic/nrfx/libmodules__hal_nordic__nrfx.a(nrfx_gpiote.c.obj)
 .text.nrfx_gpiote_input_configure
                0x0000000000005150      0x178 modules/hal_nordic/modules/hal_nordic/nrfx/libmodules__hal_nordic__nrfx.a(nrfx_gpiote.c.obj)
                0x0000000000005150                nrfx_gpiote_input_configure
 .text.nrfx_gpiote_output_configure
                0x00000000000052c8      0x104 modules/hal_nordic/modules/hal_nordic/nrfx/libmodules__hal_nordic__nrfx.a(nrfx_gpiote.c.obj)
                0x00000000000052c8                nrfx_gpiote_output_configure
 .text.nrfx_gpiote_global_callback_set
                0x00000000000053cc        0xc modules/hal_nordic/modules/hal_nordic/nrfx/libmodules__hal_nordic__nrfx.a(nrfx_gpiote.c.obj)
                0x00000000000053cc                nrfx_gpiote_global_callback_set
 .text.nrfx_gpiote_channel_get
                0x00000000000053d8       0x34 modules/hal_nordic/modules/hal_nordic/nrfx/libmodules__hal_nordic__nrfx.a(nrfx_gpiote.c.obj)
                0x00000000000053d8                nrfx_gpiote_channel_get
 .text.nrfx_gpiote_init
                0x000000000000540c       0x64 modules/hal_nordic/modules/hal_nordic/nrfx/libmodules__hal_nordic__nrfx.a(nrfx_gpiote.c.obj)
                0x000000000000540c                nrfx_gpiote_init
 .text.nrfx_gpiote_init_check
                0x0000000000005470       0x14 modules/hal_nordic/modules/hal_nordic/nrfx/libmodules__hal_nordic__nrfx.a(nrfx_gpiote.c.obj)
                0x0000000000005470                nrfx_gpiote_init_check
 .text.nrfx_gpiote_channel_free
                0x0000000000005484        0xc modules/hal_nordic/modules/hal_nordic/nrfx/libmodules__hal_nordic__nrfx.a(nrfx_gpiote.c.obj)
                0x0000000000005484                nrfx_gpiote_channel_free
 .text.nrfx_gpiote_channel_alloc
                0x0000000000005490        0xc modules/hal_nordic/modules/hal_nordic/nrfx/libmodules__hal_nordic__nrfx.a(nrfx_gpiote.c.obj)
                0x0000000000005490                nrfx_gpiote_channel_alloc
 .text.nrfx_gpiote_trigger_enable
                0x000000000000549c       0xac modules/hal_nordic/modules/hal_nordic/nrfx/libmodules__hal_nordic__nrfx.a(nrfx_gpiote.c.obj)
                0x000000000000549c                nrfx_gpiote_trigger_enable
 .text.nrfx_gpiote_0_irq_handler
                0x0000000000005548      0x1b8 modules/hal_nordic/modules/hal_nordic/nrfx/libmodules__hal_nordic__nrfx.a(nrfx_gpiote.c.obj)
                0x0000000000005548                nrfx_gpiote_0_irq_handler
 .text.k_sys_fatal_error_handler
                0x0000000000005700       0x20 zephyr/kernel/libkernel.a(fatal.c.obj)
                0x0000000000005700                k_sys_fatal_error_handler
 .text.z_fatal_error
                0x0000000000005720       0xe8 zephyr/kernel/libkernel.a(fatal.c.obj)
                0x0000000000005720                z_fatal_error
 .text.z_sys_init_run_level
                0x0000000000005808       0x2c zephyr/kernel/libkernel.a(init.c.obj)
 .text.bg_thread_main
                0x0000000000005834       0xc4 zephyr/kernel/libkernel.a(init.c.obj)
 .text.z_bss_zero
                0x00000000000058f8       0x18 zephyr/kernel/libkernel.a(init.c.obj)
                0x00000000000058f8                z_bss_zero
 .text.z_init_cpu
                0x0000000000005910       0x68 zephyr/kernel/libkernel.a(init.c.obj)
                0x0000000000005910                z_init_cpu
 .text.z_cstart
                0x0000000000005978       0xe4 zephyr/kernel/libkernel.a(init.c.obj)
                0x0000000000005978                z_cstart
 .text.init_mem_slab_obj_core_list
                0x0000000000005a5c       0x24 zephyr/kernel/libkernel.a(mem_slab.c.obj)
 .text.k_mem_slab_alloc
                0x0000000000005a80       0x5c zephyr/kernel/libkernel.a(mem_slab.c.obj)
                0x0000000000005a80                k_mem_slab_alloc
 .text.z_impl_k_mutex_lock
                0x0000000000005adc       0xf0 zephyr/kernel/libkernel.a(mutex.c.obj)
                0x0000000000005adc                z_impl_k_mutex_lock
 .text.z_impl_k_mutex_unlock
                0x0000000000005bcc       0xa0 zephyr/kernel/libkernel.a(mutex.c.obj)
                0x0000000000005bcc                z_impl_k_mutex_unlock
 .text.z_impl_k_sem_give
                0x0000000000005c6c       0x68 zephyr/kernel/libkernel.a(sem.c.obj)
                0x0000000000005c6c                z_impl_k_sem_give
 .text.z_impl_k_sem_take
                0x0000000000005cd4       0x4c zephyr/kernel/libkernel.a(sem.c.obj)
                0x0000000000005cd4                z_impl_k_sem_take
 .text.z_setup_new_thread
                0x0000000000005d20       0x7c zephyr/kernel/libkernel.a(thread.c.obj)
                0x0000000000005d20                z_setup_new_thread
 .text.z_impl_k_thread_create
                0x0000000000005d9c       0x58 zephyr/kernel/libkernel.a(thread.c.obj)
                0x0000000000005d9c                z_impl_k_thread_create
 .text.z_swap_irqlock
                0x0000000000005df4       0x30 zephyr/kernel/libkernel.a(sched.c.obj)
 .text.ready_thread
                0x0000000000005e24       0x90 zephyr/kernel/libkernel.a(sched.c.obj)
 .text.unready_thread
                0x0000000000005eb4       0x54 zephyr/kernel/libkernel.a(sched.c.obj)
 .text.move_thread_to_end_of_prio_q
                0x0000000000005f08       0x90 zephyr/kernel/libkernel.a(sched.c.obj)
                0x0000000000005f08                move_thread_to_end_of_prio_q
 .text.z_pend_curr
                0x0000000000005f98       0x58 zephyr/kernel/libkernel.a(sched.c.obj)
                0x0000000000005f98                z_pend_curr
 .text.z_thread_prio_set
                0x0000000000005ff0       0x9c zephyr/kernel/libkernel.a(sched.c.obj)
                0x0000000000005ff0                z_thread_prio_set
 .text.z_reschedule
                0x000000000000608c       0x24 zephyr/kernel/libkernel.a(sched.c.obj)
                0x000000000000608c                z_reschedule
 .text.z_reschedule_irqlock
                0x00000000000060b0       0x28 zephyr/kernel/libkernel.a(sched.c.obj)
                0x00000000000060b0                z_reschedule_irqlock
 .text.k_sched_lock
                0x00000000000060d8       0x28 zephyr/kernel/libkernel.a(sched.c.obj)
                0x00000000000060d8                k_sched_lock
 .text.k_sched_unlock
                0x0000000000006100       0x68 zephyr/kernel/libkernel.a(sched.c.obj)
                0x0000000000006100                k_sched_unlock
 .text.z_sched_init
                0x0000000000006168       0x10 zephyr/kernel/libkernel.a(sched.c.obj)
                0x0000000000006168                z_sched_init
 .text.z_impl_k_yield
                0x0000000000006178       0x88 zephyr/kernel/libkernel.a(sched.c.obj)
                0x0000000000006178                z_impl_k_yield
 .text.z_tick_sleep
                0x0000000000006200       0x80 zephyr/kernel/libkernel.a(sched.c.obj)
 .text.z_impl_k_wakeup
                0x0000000000006280       0x4c zephyr/kernel/libkernel.a(sched.c.obj)
                0x0000000000006280                z_impl_k_wakeup
 .text.z_impl_k_sched_current_thread_query
                0x00000000000062cc        0xc zephyr/kernel/libkernel.a(sched.c.obj)
                0x00000000000062cc                z_impl_k_sched_current_thread_query
 .text.z_thread_abort
                0x00000000000062d8      0x114 zephyr/kernel/libkernel.a(sched.c.obj)
                0x00000000000062d8                z_thread_abort
 .text.slice_timeout
                0x00000000000063ec       0x20 zephyr/kernel/libkernel.a(timeslicing.c.obj)
 .text.thread_is_sliceable
                0x000000000000640c       0x3c zephyr/kernel/libkernel.a(timeslicing.c.obj)
                0x000000000000640c                thread_is_sliceable
 .text.z_reset_time_slice
                0x0000000000006448       0x50 zephyr/kernel/libkernel.a(timeslicing.c.obj)
                0x0000000000006448                z_reset_time_slice
 .text.z_time_slice
                0x0000000000006498       0x60 zephyr/kernel/libkernel.a(timeslicing.c.obj)
                0x0000000000006498                z_time_slice
 .text.z_data_copy
                0x00000000000064f8       0x38 zephyr/kernel/libkernel.a(xip.c.obj)
                0x00000000000064f8                z_data_copy
 .text.first    0x0000000000006530       0x10 zephyr/kernel/libkernel.a(timeout.c.obj)
 .text.elapsed  0x0000000000006540       0x14 zephyr/kernel/libkernel.a(timeout.c.obj)
 .text.remove_timeout
                0x0000000000006554       0x38 zephyr/kernel/libkernel.a(timeout.c.obj)
 .text.z_add_timeout
                0x000000000000658c       0xec zephyr/kernel/libkernel.a(timeout.c.obj)
                0x000000000000658c                z_add_timeout
 .text.sys_clock_announce
                0x0000000000006678       0xbc zephyr/kernel/libkernel.a(timeout.c.obj)
                0x0000000000006678                sys_clock_announce
 .text.sys_clock_tick_get
                0x0000000000006734       0x30 zephyr/kernel/libkernel.a(timeout.c.obj)
                0x0000000000006734                sys_clock_tick_get
 .text.z_timer_expiration_handler
                0x0000000000006764       0xe0 zephyr/kernel/libkernel.a(timer.c.obj)
                0x0000000000006764                z_timer_expiration_handler
 .text.z_impl_k_timer_start
                0x0000000000006844       0x74 zephyr/kernel/libkernel.a(timer.c.obj)
                0x0000000000006844                z_impl_k_timer_start
 .text.k_thread_system_pool_assign
                0x00000000000068b8        0xc zephyr/kernel/libkernel.a(mempool.c.obj)
                0x00000000000068b8                k_thread_system_pool_assign
 .text.statics_init
                0x00000000000068c4       0x24 zephyr/kernel/libkernel.a(kheap.c.obj)
 .text.psa_get_initialized
                0x00000000000068e8       0x4c modules/nrf/subsys/nrf_security/src/core/nrf_oberon/liboberon_psa_core.a(psa_crypto.c.obj)
 .text.mbedtls_psa_crypto_free
                0x0000000000006934       0x90 modules/nrf/subsys/nrf_security/src/core/nrf_oberon/liboberon_psa_core.a(psa_crypto.c.obj)
                0x0000000000006934                mbedtls_psa_crypto_free
 .text.psa_crypto_init
                0x00000000000069c4      0x104 modules/nrf/subsys/nrf_security/src/core/nrf_oberon/liboberon_psa_core.a(psa_crypto.c.obj)
                0x00000000000069c4                psa_crypto_init
 .text.psa_initialize_key_slots
                0x0000000000006ac8       0x10 modules/nrf/subsys/nrf_security/src/core/nrf_oberon/liboberon_psa_core.a(psa_crypto_slot_management.c.obj)
                0x0000000000006ac8                psa_initialize_key_slots
 .text.psa_wipe_all_key_slots
                0x0000000000006ad8       0x34 modules/nrf/subsys/nrf_security/src/core/nrf_oberon/liboberon_psa_core.a(psa_crypto_slot_management.c.obj)
                0x0000000000006ad8                psa_wipe_all_key_slots
 .text.mbedtls_free
                0x0000000000006b0c        0xc modules/nrf/subsys/nrf_security/src/core/nrf_oberon/liboberon_psa_core.a(platform.c.obj)
                0x0000000000006b0c                mbedtls_free
 .text.mbedtls_platform_zeroize
                0x0000000000006b18       0x18 modules/nrf/subsys/nrf_security/src/core/nrf_oberon/liboberon_psa_core.a(platform_util.c.obj)
                0x0000000000006b18                mbedtls_platform_zeroize
 .text.mutex_lock
                0x0000000000006b30        0xc /opt/nordic/ncs/v3.0.0/nrfxlib/crypto/nrf_cc312_platform/lib/cortex-m33/soft-float/no-interrupts/libnrf_cc312_platform_0.9.19.a(threading_alt.c.obj)
                0x0000000000006b30                mutex_lock
 .text.mutex_unlock
                0x0000000000006b3c        0xc /opt/nordic/ncs/v3.0.0/nrfxlib/crypto/nrf_cc312_platform/lib/cortex-m33/soft-float/no-interrupts/libnrf_cc312_platform_0.9.19.a(threading_alt.c.obj)
                0x0000000000006b3c                mutex_unlock
 .text.nrf_cc3xx_platform_init_no_rng
                0x0000000000006b48       0x38 /opt/nordic/ncs/v3.0.0/nrfxlib/crypto/nrf_cc312_platform/lib/cortex-m33/soft-float/no-interrupts/libnrf_cc312_platform_0.9.19.a(nrf_cc3xx_platform.c.obj)
                0x0000000000006b48                nrf_cc3xx_platform_init_no_rng
 .text.nrf_cc3xx_platform_abort
                0x0000000000006b80       0x24 /opt/nordic/ncs/v3.0.0/nrfxlib/crypto/nrf_cc312_platform/lib/cortex-m33/soft-float/no-interrupts/libnrf_cc312_platform_0.9.19.a(nrf_cc3xx_platform_abort.c.obj)
 .text.CC_PalAbort
                0x0000000000006ba4       0x44 /opt/nordic/ncs/v3.0.0/nrfxlib/crypto/nrf_cc312_platform/lib/cortex-m33/soft-float/no-interrupts/libnrf_cc312_platform_0.9.19.a(nrf_cc3xx_platform_abort.c.obj)
                0x0000000000006ba4                CC_PalAbort
 .text.nrf_cc3xx_platform_set_abort
                0x0000000000006be8       0x10 /opt/nordic/ncs/v3.0.0/nrfxlib/crypto/nrf_cc312_platform/lib/cortex-m33/soft-float/no-interrupts/libnrf_cc312_platform_0.9.19.a(nrf_cc3xx_platform_abort.c.obj)
                0x0000000000006be8                nrf_cc3xx_platform_set_abort
 .text.mutex_free
                0x0000000000006bf8       0x34 /opt/nordic/ncs/v3.0.0/nrfxlib/crypto/nrf_cc312_platform/lib/cortex-m33/soft-float/no-interrupts/libnrf_cc312_platform_0.9.19.a(nrf_cc3xx_platform_mutex.c.obj)
 .text.mutex_lock
                0x0000000000006c2c       0x48 /opt/nordic/ncs/v3.0.0/nrfxlib/crypto/nrf_cc312_platform/lib/cortex-m33/soft-float/no-interrupts/libnrf_cc312_platform_0.9.19.a(nrf_cc3xx_platform_mutex.c.obj)
 .text.mutex_unlock
                0x0000000000006c74       0x38 /opt/nordic/ncs/v3.0.0/nrfxlib/crypto/nrf_cc312_platform/lib/cortex-m33/soft-float/no-interrupts/libnrf_cc312_platform_0.9.19.a(nrf_cc3xx_platform_mutex.c.obj)
 .text.mutex_init
                0x0000000000006cac       0x20 /opt/nordic/ncs/v3.0.0/nrfxlib/crypto/nrf_cc312_platform/lib/cortex-m33/soft-float/no-interrupts/libnrf_cc312_platform_0.9.19.a(nrf_cc3xx_platform_mutex.c.obj)
 .text.nrf_cc3xx_platform_set_mutexes
                0x0000000000006ccc       0x78 /opt/nordic/ncs/v3.0.0/nrfxlib/crypto/nrf_cc312_platform/lib/cortex-m33/soft-float/no-interrupts/libnrf_cc312_platform_0.9.19.a(nrf_cc3xx_platform_mutex.c.obj)
                0x0000000000006ccc                nrf_cc3xx_platform_set_mutexes
 .text.CC_LibInitNoRng
                0x0000000000006d44       0x28 /opt/nordic/ncs/v3.0.0/nrfxlib/crypto/nrf_cc312_platform/lib/cortex-m33/soft-float/no-interrupts/libnrf_cc312_platform_0.9.19.a(cc_lib.c.obj)
                0x0000000000006d44                CC_LibInitNoRng
 .text.CC_HalInit
                0x0000000000006d6c        0x4 /opt/nordic/ncs/v3.0.0/nrfxlib/crypto/nrf_cc312_platform/lib/cortex-m33/soft-float/no-interrupts/libnrf_cc312_platform_0.9.19.a(cc_hal.c.obj)
                0x0000000000006d6c                CC_HalInit
 .text.CC_PalInit
                0x0000000000006d70       0x5c /opt/nordic/ncs/v3.0.0/nrfxlib/crypto/nrf_cc312_platform/lib/cortex-m33/soft-float/no-interrupts/libnrf_cc312_platform_0.9.19.a(cc_pal.c.obj)
                0x0000000000006d70                CC_PalInit
 .text.CC_PalTerminate
                0x0000000000006dcc       0x34 /opt/nordic/ncs/v3.0.0/nrfxlib/crypto/nrf_cc312_platform/lib/cortex-m33/soft-float/no-interrupts/libnrf_cc312_platform_0.9.19.a(cc_pal.c.obj)
                0x0000000000006dcc                CC_PalTerminate
 .text.CC_PalDmaInit
                0x0000000000006e00        0x4 /opt/nordic/ncs/v3.0.0/nrfxlib/crypto/nrf_cc312_platform/lib/cortex-m33/soft-float/no-interrupts/libnrf_cc312_platform_0.9.19.a(cc_pal_dma.c.obj)
                0x0000000000006e00                CC_PalDmaInit
 .text.CC_PalDmaTerminate
                0x0000000000006e04        0x4 /opt/nordic/ncs/v3.0.0/nrfxlib/crypto/nrf_cc312_platform/lib/cortex-m33/soft-float/no-interrupts/libnrf_cc312_platform_0.9.19.a(cc_pal_dma.c.obj)
                0x0000000000006e04                CC_PalDmaTerminate
 .text.CC_PalMutexCreate
                0x0000000000006e08       0x14 /opt/nordic/ncs/v3.0.0/nrfxlib/crypto/nrf_cc312_platform/lib/cortex-m33/soft-float/no-interrupts/libnrf_cc312_platform_0.9.19.a(cc_pal_mutex.c.obj)
                0x0000000000006e08                CC_PalMutexCreate
 .text.CC_PalMutexDestroy
                0x0000000000006e1c       0x14 /opt/nordic/ncs/v3.0.0/nrfxlib/crypto/nrf_cc312_platform/lib/cortex-m33/soft-float/no-interrupts/libnrf_cc312_platform_0.9.19.a(cc_pal_mutex.c.obj)
                0x0000000000006e1c                CC_PalMutexDestroy
 .text.CC_PalPowerSaveModeInit
                0x0000000000006e30       0x3c /opt/nordic/ncs/v3.0.0/nrfxlib/crypto/nrf_cc312_platform/lib/cortex-m33/soft-float/no-interrupts/libnrf_cc312_platform_0.9.19.a(cc_pal_pm.c.obj)
                0x0000000000006e30                CC_PalPowerSaveModeInit
 .text.ocrypto_ecdh_p256_public_key
                0x0000000000006e6c       0x28 /opt/nordic/ncs/v3.0.0/nrfxlib/crypto/nrf_oberon/lib/cortex-m33/soft-float/liboberon_3.0.16.a(ocrypto_ecdh_p256.c.obj)
                0x0000000000006e6c                ocrypto_ecdh_p256_public_key
 .text.ocrypto_ecdh_p256_common_secret
                0x0000000000006e94       0x38 /opt/nordic/ncs/v3.0.0/nrfxlib/crypto/nrf_oberon/lib/cortex-m33/soft-float/liboberon_3.0.16.a(ocrypto_ecdh_p256.c.obj)
                0x0000000000006e94                ocrypto_ecdh_p256_common_secret
 .text.ocrypto_sc_p256_from32bytes
                0x0000000000006ecc       0x54 /opt/nordic/ncs/v3.0.0/nrfxlib/crypto/nrf_oberon/lib/cortex-m33/soft-float/liboberon_3.0.16.a(ocrypto_sc_p256.c.obj)
                0x0000000000006ecc                ocrypto_sc_p256_from32bytes
 .text.sha256_blocks
                0x0000000000006f20       0xbc /opt/nordic/ncs/v3.0.0/nrfxlib/crypto/nrf_oberon/lib/cortex-m33/soft-float/liboberon_3.0.16.a(ocrypto_sha256.c.obj)
 .text.sha256_blocks.constprop.0
                0x0000000000006fdc       0x74 /opt/nordic/ncs/v3.0.0/nrfxlib/crypto/nrf_oberon/lib/cortex-m33/soft-float/liboberon_3.0.16.a(ocrypto_sha256.c.obj)
 .text.ocrypto_sha256_init
                0x0000000000007050       0x54 /opt/nordic/ncs/v3.0.0/nrfxlib/crypto/nrf_oberon/lib/cortex-m33/soft-float/liboberon_3.0.16.a(ocrypto_sha256.c.obj)
                0x0000000000007050                ocrypto_sha256_init
 .text.ocrypto_sha256_update
                0x00000000000070a4      0x1ac /opt/nordic/ncs/v3.0.0/nrfxlib/crypto/nrf_oberon/lib/cortex-m33/soft-float/liboberon_3.0.16.a(ocrypto_sha256.c.obj)
                0x00000000000070a4                ocrypto_sha256_update
 .text.ocrypto_sha256_final
                0x0000000000007250      0x1a0 /opt/nordic/ncs/v3.0.0/nrfxlib/crypto/nrf_oberon/lib/cortex-m33/soft-float/liboberon_3.0.16.a(ocrypto_sha256.c.obj)
                0x0000000000007250                ocrypto_sha256_final
 .text.p256_zdblu
                0x00000000000073f0       0xb8 /opt/nordic/ncs/v3.0.0/nrfxlib/crypto/nrf_oberon/lib/cortex-m33/soft-float/liboberon_3.0.16.a(ocrypto_curve_p256.c.obj)
 .text.p256_zaddc
                0x00000000000074a8       0xcc /opt/nordic/ncs/v3.0.0/nrfxlib/crypto/nrf_oberon/lib/cortex-m33/soft-float/liboberon_3.0.16.a(ocrypto_curve_p256.c.obj)
 .text.p256_zaddu
                0x0000000000007574       0x98 /opt/nordic/ncs/v3.0.0/nrfxlib/crypto/nrf_oberon/lib/cortex-m33/soft-float/liboberon_3.0.16.a(ocrypto_curve_p256.c.obj)
 .text.ocrypto_curve_p256_from64bytes
                0x000000000000760c       0x64 /opt/nordic/ncs/v3.0.0/nrfxlib/crypto/nrf_oberon/lib/cortex-m33/soft-float/liboberon_3.0.16.a(ocrypto_curve_p256.c.obj)
                0x000000000000760c                ocrypto_curve_p256_from64bytes
 .text.ocrypto_curve_p256_to32bytes
                0x0000000000007670        0x4 /opt/nordic/ncs/v3.0.0/nrfxlib/crypto/nrf_oberon/lib/cortex-m33/soft-float/liboberon_3.0.16.a(ocrypto_curve_p256.c.obj)
                0x0000000000007670                ocrypto_curve_p256_to32bytes
 .text.ocrypto_curve_p256_to64bytes
                0x0000000000007674       0x1c /opt/nordic/ncs/v3.0.0/nrfxlib/crypto/nrf_oberon/lib/cortex-m33/soft-float/liboberon_3.0.16.a(ocrypto_curve_p256.c.obj)
                0x0000000000007674                ocrypto_curve_p256_to64bytes
 .text.ocrypto_curve_p256_scalarmult
                0x0000000000007690      0x16c /opt/nordic/ncs/v3.0.0/nrfxlib/crypto/nrf_oberon/lib/cortex-m33/soft-float/liboberon_3.0.16.a(ocrypto_curve_p256.c.obj)
                0x0000000000007690                ocrypto_curve_p256_scalarmult
 .text.ocrypto_curve_p256_scalarmult_base
                0x00000000000077fc        0xc /opt/nordic/ncs/v3.0.0/nrfxlib/crypto/nrf_oberon/lib/cortex-m33/soft-float/liboberon_3.0.16.a(ocrypto_curve_p256.c.obj)
                0x00000000000077fc                ocrypto_curve_p256_scalarmult_base
 .text.ocrypto_mod_p256_cneg
                0x0000000000007808       0x3c /opt/nordic/ncs/v3.0.0/nrfxlib/crypto/nrf_oberon/lib/cortex-m33/soft-float/liboberon_3.0.16.a(ocrypto_mod_p256.c.obj)
                0x0000000000007808                ocrypto_mod_p256_cneg
 .text.ocrypto_mod_p256_from_bytes
                0x0000000000007844       0x34 /opt/nordic/ncs/v3.0.0/nrfxlib/crypto/nrf_oberon/lib/cortex-m33/soft-float/liboberon_3.0.16.a(ocrypto_mod_p256.c.obj)
                0x0000000000007844                ocrypto_mod_p256_from_bytes
 .text.ocrypto_mod_p256_to_bytes
                0x0000000000007878       0x34 /opt/nordic/ncs/v3.0.0/nrfxlib/crypto/nrf_oberon/lib/cortex-m33/soft-float/liboberon_3.0.16.a(ocrypto_mod_p256.c.obj)
                0x0000000000007878                ocrypto_mod_p256_to_bytes
 .text.ocrypto_mod_p256_inv
                0x00000000000078ac      0x160 /opt/nordic/ncs/v3.0.0/nrfxlib/crypto/nrf_oberon/lib/cortex-m33/soft-float/liboberon_3.0.16.a(ocrypto_mod_p256.c.obj)
                0x00000000000078ac                ocrypto_mod_p256_inv
 .text.snprintf
                0x0000000000007a0c       0x58 /opt/nordic/ncs/toolchains/ef4fc6722e/opt/zephyr-sdk/arm-zephyr-eabi/bin/../lib/gcc/../../picolibc/arm-zephyr-eabi/lib/thumb/v8-m.main/nofp/libc.a(libc_tinystdio_snprintf.c.o)
                0x0000000000007a0c                snprintf
 .text.__l_vfprintf
                0x0000000000007a64      0x4b4 /opt/nordic/ncs/toolchains/ef4fc6722e/opt/zephyr-sdk/arm-zephyr-eabi/bin/../lib/gcc/../../picolibc/arm-zephyr-eabi/lib/thumb/v8-m.main/nofp/libc.a(libc_tinystdio_vflprintf.c.o)
                0x0000000000007a64                __l_vfprintf
 .text._OffsetAbsSyms
                0x0000000000007f18        0x2 zephyr/CMakeFiles/offsets.dir/./arch/arm/core/offsets/offsets.c.obj
                0x0000000000007f18                _OffsetAbsSyms
 .text.k_sleep.constprop.0.isra.0
                0x0000000000007f1a        0x4 app/libapp.a(main.c.obj)
 .text.treecast_init
                0x0000000000007f1e       0x3e app/libapp.a(treecast.c.obj)
                0x0000000000007f1e                treecast_init
 .text.treecast_derive_all
                0x0000000000007f5c       0xb8 app/libapp.a(treecast.c.obj)
                0x0000000000007f5c                treecast_derive_all
 .text.treecast_broadcast_key
                0x0000000000008014       0x22 app/libapp.a(treecast.c.obj)
                0x0000000000008014                treecast_broadcast_key
 .text.treecast_multicast_key
                0x0000000000008036       0x3e app/libapp.a(treecast.c.obj)
                0x0000000000008036                treecast_multicast_key
 .text.treecast_unicast_key
                0x0000000000008074       0x1c app/libapp.a(treecast.c.obj)
                0x0000000000008074                treecast_unicast_key
 .text.treecast_rekey_path
                0x0000000000008090       0x82 app/libapp.a(treecast.c.obj)
                0x0000000000008090                treecast_rekey_path
 .text.tc_hash  0x0000000000008112       0x28 app/libapp.a(crypto_backend.c.obj)
                0x0000000000008112                tc_hash
 .text.tc_ec_keypair_gen
                0x000000000000813a       0x1e app/libapp.a(crypto_backend.c.obj)
                0x000000000000813a                tc_ec_keypair_gen
 .text.tc_ec_hdh
                0x0000000000008158       0x26 app/libapp.a(crypto_backend.c.obj)
                0x0000000000008158                tc_ec_hdh
 .text.tc_aes_ctr_encrypt
                0x000000000000817e       0x4e app/libapp.a(crypto_backend.c.obj)
                0x000000000000817e                tc_aes_ctr_encrypt
 .text.chunk_field
                0x00000000000081cc       0x16 zephyr/libzephyr.a(heap.c.obj)
 .text.chunk_set
                0x00000000000081e2       0x16 zephyr/libzephyr.a(heap.c.obj)
 .text.chunk_size
                0x00000000000081f8        0xc zephyr/libzephyr.a(heap.c.obj)
 .text.set_chunk_used
                0x0000000000008204       0x30 zephyr/libzephyr.a(heap.c.obj)
 .text.set_chunk_size
                0x0000000000008234        0x8 zephyr/libzephyr.a(heap.c.obj)
 .text.bucket_idx.isra.0
                0x000000000000823c       0x1c zephyr/libzephyr.a(heap.c.obj)
 .text.free_list_add
                0x0000000000008258       0x84 zephyr/libzephyr.a(heap.c.obj)
 .text.sys_heap_init
                0x00000000000082dc       0xb0 zephyr/libzephyr.a(heap.c.obj)
                0x00000000000082dc                sys_heap_init
 .text.cbpprintf_external
                0x000000000000838c       0x62 zephyr/libzephyr.a(cbprintf_packaged.c.obj)
                0x000000000000838c                cbpprintf_external
 .text.is_ptr   0x00000000000083ee       0x4a zephyr/libzephyr.a(cbprintf_packaged.c.obj)
                0x00000000000083ee                is_ptr
 .text.arch_printk_char_out
                0x0000000000008438        0x4 zephyr/libzephyr.a(printk.c.obj)
                0x0000000000008438                arch_printk_char_out
 .text.printk   0x000000000000843c       0x1a zephyr/libzephyr.a(printk.c.obj)
                0x000000000000843c                printk
 .text.free_space
                0x0000000000008456       0x26 zephyr/libzephyr.a(mpsc_pbuf.c.obj)
 .text.get_usage
                0x000000000000847c       0x22 zephyr/libzephyr.a(mpsc_pbuf.c.obj)
 .text.idx_inc  0x000000000000849e       0x1c zephyr/libzephyr.a(mpsc_pbuf.c.obj)
 .text.rd_idx_inc
                0x00000000000084ba       0x18 zephyr/libzephyr.a(mpsc_pbuf.c.obj)
 .text.add_skip_item
                0x00000000000084d2       0x3e zephyr/libzephyr.a(mpsc_pbuf.c.obj)
 .text.drop_item_locked
                0x0000000000008510       0xee zephyr/libzephyr.a(mpsc_pbuf.c.obj)
 .text.post_drop_action
                0x00000000000085fe       0x36 zephyr/libzephyr.a(mpsc_pbuf.c.obj)
 .text.max_utilization_update
                0x0000000000008634       0x1a zephyr/libzephyr.a(mpsc_pbuf.c.obj)
 .text.mpsc_pbuf_init
                0x000000000000864e       0x42 zephyr/libzephyr.a(mpsc_pbuf.c.obj)
                0x000000000000864e                mpsc_pbuf_init
 .text.mpsc_pbuf_alloc
                0x0000000000008690       0xfe zephyr/libzephyr.a(mpsc_pbuf.c.obj)
                0x0000000000008690                mpsc_pbuf_alloc
 .text.mpsc_pbuf_commit
                0x000000000000878e       0x3e zephyr/libzephyr.a(mpsc_pbuf.c.obj)
                0x000000000000878e                mpsc_pbuf_commit
 .text.mpsc_pbuf_claim
                0x00000000000087cc       0xa8 zephyr/libzephyr.a(mpsc_pbuf.c.obj)
                0x00000000000087cc                mpsc_pbuf_claim
 .text.mpsc_pbuf_free
                0x0000000000008874       0x76 zephyr/libzephyr.a(mpsc_pbuf.c.obj)
                0x0000000000008874                mpsc_pbuf_free
 .text.mpsc_pbuf_is_pending
                0x00000000000088ea       0x32 zephyr/libzephyr.a(mpsc_pbuf.c.obj)
                0x00000000000088ea                mpsc_pbuf_is_pending
 .text.process_recheck
                0x000000000000891c       0x38 zephyr/libzephyr.a(onoff.c.obj)
 .text.validate_args
                0x0000000000008954       0x20 zephyr/libzephyr.a(onoff.c.obj)
 .text.notify_one
                0x0000000000008974       0x2c zephyr/libzephyr.a(onoff.c.obj)
 .text.transition_complete
                0x00000000000089a0       0x1a zephyr/libzephyr.a(onoff.c.obj)
 .text.onoff_manager_init
                0x00000000000089ba       0x26 zephyr/libzephyr.a(onoff.c.obj)
                0x00000000000089ba                onoff_manager_init
 .text.onoff_request
                0x00000000000089e0       0xae zephyr/libzephyr.a(onoff.c.obj)
                0x00000000000089e0                onoff_request
 .text.sys_notify_validate
                0x0000000000008a8e       0x22 zephyr/libzephyr.a(notify.c.obj)
                0x0000000000008a8e                sys_notify_validate
 .text.sys_notify_finalize
                0x0000000000008ab0       0x1a zephyr/libzephyr.a(notify.c.obj)
                0x0000000000008ab0                sys_notify_finalize
 .text._ConfigAbsSyms
                0x0000000000008aca        0x2 zephyr/libzephyr.a(configs.c.obj)
                0x0000000000008aca                _ConfigAbsSyms
 .text.log_msg_generic_get_wlen
                0x0000000000008acc       0x20 zephyr/libzephyr.a(log_core.c.obj)
 .text.dummy_timestamp
                0x0000000000008aec        0x4 zephyr/libzephyr.a(log_core.c.obj)
 .text.default_get_timestamp
                0x0000000000008af0        0x4 zephyr/libzephyr.a(log_core.c.obj)
 .text.atomic_inc
                0x0000000000008af4       0x12 zephyr/libzephyr.a(log_core.c.obj)
 .text.z_log_vprintk
                0x0000000000008b06       0x1c zephyr/libzephyr.a(log_core.c.obj)
                0x0000000000008b06                z_log_vprintk
 .text.z_log_notify_drop
                0x0000000000008b22        0x6 zephyr/libzephyr.a(log_core.c.obj)
 .text.z_log_get_tag
                0x0000000000008b28        0x4 zephyr/libzephyr.a(log_core.c.obj)
                0x0000000000008b28                z_log_get_tag
 .text.z_cbprintf_cpy
                0x0000000000008b2c       0x2c zephyr/libzephyr.a(log_msg.c.obj)
 .text.z_log_msg_finalize
                0x0000000000008b58       0x32 zephyr/libzephyr.a(log_msg.c.obj)
                0x0000000000008b58                z_log_msg_finalize
 .text.z_log_msg_simple_create
                0x0000000000008b8a       0x6e zephyr/libzephyr.a(log_msg.c.obj)
 .text.z_impl_z_log_msg_simple_create_0
                0x0000000000008bf8       0x12 zephyr/libzephyr.a(log_msg.c.obj)
                0x0000000000008bf8                z_impl_z_log_msg_simple_create_0
 .text.z_impl_z_log_msg_simple_create_1
                0x0000000000008c0a       0x14 zephyr/libzephyr.a(log_msg.c.obj)
                0x0000000000008c0a                z_impl_z_log_msg_simple_create_1
 .text.log_output_write
                0x0000000000008c1e       0x1c zephyr/libzephyr.a(log_output.c.obj)
 .text.log_output_flush
                0x0000000000008c3a       0x1a zephyr/libzephyr.a(log_output.c.obj)
 .text.out_func
                0x0000000000008c54       0x2e zephyr/libzephyr.a(log_output.c.obj)
 .text.cr_out_func
                0x0000000000008c82       0x1c zephyr/libzephyr.a(log_output.c.obj)
 .text.log_output_msg_process
                0x0000000000008c9e       0x6a zephyr/libzephyr.a(log_output.c.obj)
                0x0000000000008c9e                log_output_msg_process
 .text.format_set
                0x0000000000008d08        0xc zephyr/libzephyr.a(log_backend_uart.c.obj)
 .text.log_backend_uart_init
                0x0000000000008d14        0xc zephyr/libzephyr.a(log_backend_uart.c.obj)
 .text.panic    0x0000000000008d20       0x32 zephyr/libzephyr.a(log_backend_uart.c.obj)
 .text.dropped  0x0000000000008d52        0xa zephyr/libzephyr.a(log_backend_uart.c.obj)
 .text.process  0x0000000000008d5c       0x1e zephyr/libzephyr.a(log_backend_uart.c.obj)
 .text.abort_function
                0x0000000000008d7a        0x2 zephyr/libzephyr.a(nrf_cc3xx_platform_abort_zephyr.c.obj)
 .text.z_do_kernel_oops
                0x0000000000008d7c        0x8 zephyr/arch/arch/arm/core/libarch__arm__core.a(fatal.c.obj)
                0x0000000000008d7c                z_do_kernel_oops
 .text.z_arm_nmi
                0x0000000000008d84        0xe zephyr/arch/arch/arm/core/libarch__arm__core.a(nmi.c.obj)
                0x0000000000008d84                z_arm_nmi
 .text.z_log_msg_simple_create_0.constprop.0
                0x0000000000008d92        0x8 zephyr/arch/arch/arm/core/cortex_m/libarch__arm__core__cortex_m.a(fault.c.obj)
 .text.z_irq_spurious
                0x0000000000008d9a        0x8 zephyr/arch/arch/arm/core/cortex_m/libarch__arm__core__cortex_m.a(irq_manage.c.obj)
                0x0000000000008d9a                z_irq_spurious
 .text.configure_builtin_stack_guard
                0x0000000000008da2        0x8 zephyr/arch/arch/arm/core/cortex_m/libarch__arm__core__cortex_m.a(thread.c.obj)
                0x0000000000008da2                configure_builtin_stack_guard
 .text.arch_irq_unlock_outlined
                0x0000000000008daa        0xe zephyr/arch/arch/arm/core/cortex_m/libarch__arm__core__cortex_m.a(thread.c.obj)
                0x0000000000008daa                arch_irq_unlock_outlined
 .text.arch_cpu_idle
                0x0000000000008db8       0x32 zephyr/arch/arch/arm/core/cortex_m/libarch__arm__core__cortex_m.a(cpu_idle.c.obj)
                0x0000000000008db8                arch_cpu_idle
 .text.arch_cpu_atomic_idle
                0x0000000000008dea       0x38 zephyr/arch/arch/arm/core/cortex_m/libarch__arm__core__cortex_m.a(cpu_idle.c.obj)
                0x0000000000008dea                arch_cpu_atomic_idle
 .text.arm_cmse_mpu_region_get
                0x0000000000008e22       0x12 zephyr/arch/arch/arm/core/cortex_m/cmse/libarch__arm__core__cortex_m__cmse.a(arm_core_cmse.c.obj)
                0x0000000000008e22                arm_cmse_mpu_region_get
 .text.mpu_configure_region
                0x0000000000008e34       0x32 zephyr/arch/arch/arm/core/mpu/libarch__arm__core__mpu.a(arm_mpu.c.obj)
 .text.cbputc   0x0000000000008e66        0xc zephyr/lib/libc/picolibc/liblib__libc__picolibc.a(cbprintf.c.obj)
 .text.picolibc_put
                0x0000000000008e72        0xa zephyr/lib/libc/picolibc/liblib__libc__picolibc.a(stdio.c.obj)
 .text.onoff_stop
                0x0000000000008e7c       0x10 zephyr/soc/soc/nrf5340/libsoc__nordic.a(nrf53_cpunet_mgmt.c.obj)
 .text.z_impl_sys_csrand_get
                0x0000000000008e8c        0xa zephyr/subsys/random/libsubsys__random.a(random_test_csprng.c.obj)
                0x0000000000008e8c                z_impl_sys_csrand_get
 .text.get_status
                0x0000000000008e96       0x12 zephyr/drivers/clock_control/libdrivers__clock_control.a(clock_control_nrf.c.obj)
 .text.stop     0x0000000000008ea8       0x50 zephyr/drivers/clock_control/libdrivers__clock_control.a(clock_control_nrf.c.obj)
 .text.api_stop
                0x0000000000008ef8        0x6 zephyr/drivers/clock_control/libdrivers__clock_control.a(clock_control_nrf.c.obj)
 .text.async_start
                0x0000000000008efe       0x5a zephyr/drivers/clock_control/libdrivers__clock_control.a(clock_control_nrf.c.obj)
 .text.api_start
                0x0000000000008f58        0xe zephyr/drivers/clock_control/libdrivers__clock_control.a(clock_control_nrf.c.obj)
 .text.onoff_started_callback
                0x0000000000008f66       0x12 zephyr/drivers/clock_control/libdrivers__clock_control.a(clock_control_nrf.c.obj)
 .text.hfclkaudio_start
                0x0000000000008f78        0x6 zephyr/drivers/clock_control/libdrivers__clock_control.a(clock_control_nrf.c.obj)
 .text.hfclk192m_start
                0x0000000000008f7e        0x6 zephyr/drivers/clock_control/libdrivers__clock_control.a(clock_control_nrf.c.obj)
 .text.lfclk_start
                0x0000000000008f84        0x6 zephyr/drivers/clock_control/libdrivers__clock_control.a(clock_control_nrf.c.obj)
 .text.hfclkaudio_stop
                0x0000000000008f8a        0x6 zephyr/drivers/clock_control/libdrivers__clock_control.a(clock_control_nrf.c.obj)
 .text.hfclk192m_stop
                0x0000000000008f90        0x6 zephyr/drivers/clock_control/libdrivers__clock_control.a(clock_control_nrf.c.obj)
 .text.lfclk_stop
                0x0000000000008f96        0x6 zephyr/drivers/clock_control/libdrivers__clock_control.a(clock_control_nrf.c.obj)
 .text.blocking_start_callback
                0x0000000000008f9c        0x6 zephyr/drivers/clock_control/libdrivers__clock_control.a(clock_control_nrf.c.obj)
 .text.gpio_nrfx_port_get_raw
                0x0000000000008fa2        0xc zephyr/drivers/gpio/libdrivers__gpio.a(gpio_nrfx.c.obj)
 .text.gpio_nrfx_port_set_masked_raw
                0x0000000000008fae       0x14 zephyr/drivers/gpio/libdrivers__gpio.a(gpio_nrfx.c.obj)
 .text.gpio_nrfx_port_set_bits_raw
                0x0000000000008fc2        0xa zephyr/drivers/gpio/libdrivers__gpio.a(gpio_nrfx.c.obj)
 .text.gpio_nrfx_port_clear_bits_raw
                0x0000000000008fcc        0xa zephyr/drivers/gpio/libdrivers__gpio.a(gpio_nrfx.c.obj)
 .text.gpio_nrfx_port_toggle_bits
                0x0000000000008fd6       0x14 zephyr/drivers/gpio/libdrivers__gpio.a(gpio_nrfx.c.obj)
 .text.gpio_nrfx_manage_callback
                0x0000000000008fea       0x52 zephyr/drivers/gpio/libdrivers__gpio.a(gpio_nrfx.c.obj)
 .text.pinctrl_lookup_state
                0x000000000000903c       0x26 zephyr/drivers/pinctrl/libdrivers__pinctrl.a(common.c.obj)
                0x000000000000903c                pinctrl_lookup_state
 .text.uarte_nrfx_err_check
                0x0000000000009062        0xe zephyr/drivers/serial/libdrivers__serial.a(uart_nrfx_uarte.c.obj)
 .text.uarte_nrfx_poll_in
                0x0000000000009070       0x26 zephyr/drivers/serial/libdrivers__serial.a(uart_nrfx_uarte.c.obj)
 .text.is_tx_ready.isra.0
                0x0000000000009096       0x20 zephyr/drivers/serial/libdrivers__serial.a(uart_nrfx_uarte.c.obj)
 .text.uarte_nrfx_isr_int
                0x00000000000090b6       0x42 zephyr/drivers/serial/libdrivers__serial.a(uart_nrfx_uarte.c.obj)
 .text.event_clear
                0x00000000000090f8       0x18 zephyr/drivers/timer/libdrivers__timer.a(nrf_rtc_timer.c.obj)
 .text.sys_clock_cycle_get_32
                0x0000000000009110        0x8 zephyr/drivers/timer/libdrivers__timer.a(nrf_rtc_timer.c.obj)
                0x0000000000009110                sys_clock_cycle_get_32
 .text._psa_crypto_init
                0x0000000000009118       0x1e modules/nrf/subsys/nrf_security/src/zephyr/libmbedtls_zephyr.a(psa_crypto_init.c.obj)
 .text.hw_cc3xx_init_internal
                0x0000000000009136        0x4 modules/nrf/drivers/hw_cc3xx/lib..__nrf__drivers__hw_cc3xx.a(hw_cc3xx.c.obj)
 .text.hw_cc3xx_init
                0x000000000000913a       0x12 modules/nrf/drivers/hw_cc3xx/lib..__nrf__drivers__hw_cc3xx.a(hw_cc3xx.c.obj)
 .text.nrfx_isr
                0x000000000000914c        0x2 modules/hal_nordic/modules/hal_nordic/nrfx/libmodules__hal_nordic__nrfx.a(nrfx_glue.c.obj)
                0x000000000000914c                nrfx_isr
 .text.nrfx_busy_wait
                0x000000000000914e        0x4 modules/hal_nordic/modules/hal_nordic/nrfx/libmodules__hal_nordic__nrfx.a(nrfx_glue.c.obj)
                0x000000000000914e                nrfx_busy_wait
 .text.nrfx_gppi_event_endpoint_setup
                0x0000000000009152        0xa modules/hal_nordic/modules/hal_nordic/nrfx/libmodules__hal_nordic__nrfx.a(nrfx_gppi_dppi.c.obj)
                0x0000000000009152                nrfx_gppi_event_endpoint_setup
 .text.nrfx_gppi_task_endpoint_setup
                0x000000000000915c        0xa modules/hal_nordic/modules/hal_nordic/nrfx/libmodules__hal_nordic__nrfx.a(nrfx_gppi_dppi.c.obj)
                0x000000000000915c                nrfx_gppi_task_endpoint_setup
 .text.nrfx_gppi_channel_endpoints_setup
                0x0000000000009166        0xe modules/hal_nordic/modules/hal_nordic/nrfx/libmodules__hal_nordic__nrfx.a(nrfx_gppi_dppi.c.obj)
                0x0000000000009166                nrfx_gppi_channel_endpoints_setup
 .text.nrfx_clock_stop
                0x0000000000009174        0x4 modules/hal_nordic/modules/hal_nordic/nrfx/libmodules__hal_nordic__nrfx.a(nrfx_clock.c.obj)
                0x0000000000009174                nrfx_clock_stop
 .text.nrf_gpio_reconfigure
                0x0000000000009178       0x92 modules/hal_nordic/modules/hal_nordic/nrfx/libmodules__hal_nordic__nrfx.a(nrfx_gpiote.c.obj)
 .text.nrf_gpio_cfg_sense_set
                0x000000000000920a       0x1e modules/hal_nordic/modules/hal_nordic/nrfx/libmodules__hal_nordic__nrfx.a(nrfx_gpiote.c.obj)
 .text.pin_trigger_disable
                0x0000000000009228       0x48 modules/hal_nordic/modules/hal_nordic/nrfx/libmodules__hal_nordic__nrfx.a(nrfx_gpiote.c.obj)
 .text.nrfx_gpiote_pin_uninit
                0x0000000000009270        0x4 modules/hal_nordic/modules/hal_nordic/nrfx/libmodules__hal_nordic__nrfx.a(nrfx_gpiote.c.obj)
                0x0000000000009270                nrfx_gpiote_pin_uninit
 .text.nrfx_gpiote_trigger_disable
                0x0000000000009274        0x4 modules/hal_nordic/modules/hal_nordic/nrfx/libmodules__hal_nordic__nrfx.a(nrfx_gpiote.c.obj)
                0x0000000000009274                nrfx_gpiote_trigger_disable
 .text.z_impl_k_busy_wait
                0x0000000000009278        0x8 zephyr/kernel/libkernel.a(busy_wait.c.obj)
                0x0000000000009278                z_impl_k_busy_wait
 .text.z_device_state_init
                0x0000000000009280        0x2 zephyr/kernel/libkernel.a(device.c.obj)
                0x0000000000009280                z_device_state_init
 .text.z_impl_device_is_ready
                0x0000000000009282       0x16 zephyr/kernel/libkernel.a(device.c.obj)
                0x0000000000009282                z_impl_device_is_ready
 .text.arch_system_halt
                0x0000000000009298       0x10 zephyr/kernel/libkernel.a(fatal.c.obj)
                0x0000000000009298                arch_system_halt
 .text.do_device_init
                0x00000000000092a8       0x30 zephyr/kernel/libkernel.a(init.c.obj)
 .text.z_early_memset
                0x00000000000092d8        0x4 zephyr/kernel/libkernel.a(init.c.obj)
                0x00000000000092d8                z_early_memset
 .text.z_early_memcpy
                0x00000000000092dc        0x4 zephyr/kernel/libkernel.a(init.c.obj)
                0x00000000000092dc                z_early_memcpy
 .text.z_init_static
                0x00000000000092e0        0x2 zephyr/kernel/libkernel.a(init_static.c.obj)
                0x00000000000092e0                z_init_static
 .text.create_free_list
                0x00000000000092e2       0x34 zephyr/kernel/libkernel.a(mem_slab.c.obj)
 .text.k_mem_slab_init
                0x0000000000009316       0x1c zephyr/kernel/libkernel.a(mem_slab.c.obj)
                0x0000000000009316                k_mem_slab_init
 .text.k_mem_slab_free
                0x0000000000009332       0x6e zephyr/kernel/libkernel.a(mem_slab.c.obj)
                0x0000000000009332                k_mem_slab_free
 .text.idle     0x00000000000093a0       0x16 zephyr/kernel/libkernel.a(idle.c.obj)
                0x00000000000093a0                idle
 .text.adjust_owner_prio.isra.0
                0x00000000000093b6       0x10 zephyr/kernel/libkernel.a(mutex.c.obj)
 .text.z_impl_k_mutex_init
                0x00000000000093c6        0xe zephyr/kernel/libkernel.a(mutex.c.obj)
                0x00000000000093c6                z_impl_k_mutex_init
 .text.z_impl_k_sem_init
                0x00000000000093d4       0x18 zephyr/kernel/libkernel.a(sem.c.obj)
                0x00000000000093d4                z_impl_k_sem_init
 .text.k_is_in_isr
                0x00000000000093ec        0xc zephyr/kernel/libkernel.a(thread.c.obj)
                0x00000000000093ec                k_is_in_isr
 .text.z_impl_k_thread_name_set
                0x00000000000093f8        0x6 zephyr/kernel/libkernel.a(thread.c.obj)
                0x00000000000093f8                z_impl_k_thread_name_set
 .text.k_thread_name_get
                0x00000000000093fe        0x4 zephyr/kernel/libkernel.a(thread.c.obj)
                0x00000000000093fe                k_thread_name_get
 .text.sys_dlist_remove
                0x0000000000009402       0x10 zephyr/kernel/libkernel.a(sched.c.obj)
 .text.unpend_thread_no_timeout
                0x0000000000009412       0x14 zephyr/kernel/libkernel.a(sched.c.obj)
 .text.add_to_waitq_locked
                0x0000000000009426       0x50 zephyr/kernel/libkernel.a(sched.c.obj)
 .text.z_ready_thread
                0x0000000000009476       0x1e zephyr/kernel/libkernel.a(sched.c.obj)
                0x0000000000009476                z_ready_thread
 .text.z_unpend_thread_no_timeout
                0x0000000000009494       0x22 zephyr/kernel/libkernel.a(sched.c.obj)
                0x0000000000009494                z_unpend_thread_no_timeout
 .text.z_sched_wake_thread
                0x00000000000094b6       0x3a zephyr/kernel/libkernel.a(sched.c.obj)
                0x00000000000094b6                z_sched_wake_thread
 .text.z_thread_timeout
                0x00000000000094f0        0x8 zephyr/kernel/libkernel.a(sched.c.obj)
                0x00000000000094f0                z_thread_timeout
 .text.z_unpend1_no_timeout
                0x00000000000094f8       0x2c zephyr/kernel/libkernel.a(sched.c.obj)
                0x00000000000094f8                z_unpend1_no_timeout
 .text.z_impl_k_sleep
                0x0000000000009524       0x32 zephyr/kernel/libkernel.a(sched.c.obj)
                0x0000000000009524                z_impl_k_sleep
 .text.next_timeout
                0x0000000000009556       0x32 zephyr/kernel/libkernel.a(timeout.c.obj)
 .text.z_abort_timeout
                0x0000000000009588       0x42 zephyr/kernel/libkernel.a(timeout.c.obj)
                0x0000000000009588                z_abort_timeout
 .text.sys_clock_tick_get_32
                0x00000000000095ca        0x8 zephyr/kernel/libkernel.a(timeout.c.obj)
                0x00000000000095ca                sys_clock_tick_get_32
 .text.z_impl_k_uptime_ticks
                0x00000000000095d2        0x4 zephyr/kernel/libkernel.a(timeout.c.obj)
                0x00000000000095d2                z_impl_k_uptime_ticks
 .text.k_timer_init
                0x00000000000095d6       0x18 zephyr/kernel/libkernel.a(timer.c.obj)
                0x00000000000095d6                k_timer_init
 .text.z_impl_k_timer_stop
                0x00000000000095ee       0x38 zephyr/kernel/libkernel.a(timer.c.obj)
                0x00000000000095ee                z_impl_k_timer_stop
 .text.k_heap_init
                0x0000000000009626       0x10 zephyr/kernel/libkernel.a(kheap.c.obj)
                0x0000000000009626                k_heap_init
 .text.psa_remove_key_data_from_memory
                0x0000000000009636       0x16 modules/nrf/subsys/nrf_security/src/core/nrf_oberon/liboberon_psa_core.a(psa_crypto.c.obj)
                0x0000000000009636                psa_remove_key_data_from_memory
 .text.psa_wipe_key_slot
                0x000000000000964c       0x3a modules/nrf/subsys/nrf_security/src/core/nrf_oberon/liboberon_psa_core.a(psa_crypto.c.obj)
                0x000000000000964c                psa_wipe_key_slot
 .text.psa_driver_wrapper_init
                0x0000000000009686        0x4 modules/nrf/subsys/nrf_security/src/core/nrf_oberon/liboberon_psa_core.a(psa_crypto_driver_wrappers.c.obj)
                0x0000000000009686                psa_driver_wrapper_init
 .text.psa_driver_wrapper_free
                0x000000000000968a        0x2 modules/nrf/subsys/nrf_security/src/core/nrf_oberon/liboberon_psa_core.a(psa_crypto_driver_wrappers.c.obj)
                0x000000000000968a                psa_driver_wrapper_free
 .text.psa_driver_wrapper_init_random
                0x000000000000968c        0x4 modules/nrf/subsys/nrf_security/src/core/nrf_oberon/liboberon_psa_core.a(psa_crypto_driver_wrappers.c.obj)
                0x000000000000968c                psa_driver_wrapper_init_random
 .text.psa_driver_wrapper_free_random
                0x0000000000009690        0x4 modules/nrf/subsys/nrf_security/src/core/nrf_oberon/liboberon_psa_core.a(psa_crypto_driver_wrappers.c.obj)
                0x0000000000009690                psa_driver_wrapper_free_random
 .text.platform_free_uninit
                0x0000000000009694        0x2 modules/nrf/subsys/nrf_security/src/core/nrf_oberon/liboberon_psa_core.a(platform.c.obj)
 .text.mbedtls_zeroize_and_free
                0x0000000000009696       0x14 modules/nrf/subsys/nrf_security/src/core/nrf_oberon/liboberon_psa_core.a(platform_util.c.obj)
                0x0000000000009696                mbedtls_zeroize_and_free
 .text.memcpy   0x00000000000096aa       0x1a /opt/nordic/ncs/toolchains/ef4fc6722e/opt/zephyr-sdk/arm-zephyr-eabi/bin/../lib/gcc/../../picolibc/arm-zephyr-eabi/lib/thumb/v8-m.main/nofp/libc.a(memcpy.c.o)
                0x00000000000096aa                memcpy
                0x00000000000096aa                __aeabi_memcpy
                0x00000000000096aa                __aeabi_memcpy4
                0x00000000000096aa                __aeabi_memcpy8
 .text.memset   0x00000000000096c4       0x10 /opt/nordic/ncs/toolchains/ef4fc6722e/opt/zephyr-sdk/arm-zephyr-eabi/bin/../lib/gcc/../../picolibc/arm-zephyr-eabi/lib/thumb/v8-m.main/nofp/libc.a(memset.c.o)
                0x00000000000096c4                memset
 .text.strnlen  0x00000000000096d4       0x18 /opt/nordic/ncs/toolchains/ef4fc6722e/opt/zephyr-sdk/arm-zephyr-eabi/bin/../lib/gcc/../../picolibc/arm-zephyr-eabi/lib/thumb/v8-m.main/nofp/libc.a(libc_string_strnlen.c.o)
                0x00000000000096d4                strnlen
 .text.__ultoa_invert
                0x00000000000096ec       0xac /opt/nordic/ncs/toolchains/ef4fc6722e/opt/zephyr-sdk/arm-zephyr-eabi/bin/../lib/gcc/../../picolibc/arm-zephyr-eabi/lib/thumb/v8-m.main/nofp/libc.a(libc_tinystdio_vflprintf.c.o)
 .text.__file_str_put
                0x0000000000009798       0x10 /opt/nordic/ncs/toolchains/ef4fc6722e/opt/zephyr-sdk/arm-zephyr-eabi/bin/../lib/gcc/../../picolibc/arm-zephyr-eabi/lib/thumb/v8-m.main/nofp/libc.a(libc_tinystdio_filestrput.c.o)
                0x0000000000009798                __file_str_put
 *(SORT_BY_ALIGNMENT(.TEXT.*))
 .TEXT.__aeabi_read_tp
                0x00000000000097a8        0xc zephyr/arch/arch/arm/core/cortex_m/libarch__arm__core__cortex_m.a(__aeabi_read_tp.S.obj)
                0x00000000000097a8                __aeabi_read_tp
 *(SORT_BY_ALIGNMENT(.gnu.linkonce.t.*))
 *(SORT_BY_ALIGNMENT(.glue_7t))
 .glue_7t       0x00000000000097b4        0x0 linker stubs
 *(SORT_BY_ALIGNMENT(.glue_7))
 .glue_7        0x00000000000097b4        0x0 linker stubs
 *(SORT_BY_ALIGNMENT(.vfp11_veneer))
 .vfp11_veneer  0x00000000000097b4        0x0 linker stubs
 *(SORT_BY_ALIGNMENT(.v4_bx))
 .v4_bx         0x00000000000097b4        0x0 linker stubs
                0x00000000000097b4                . = ALIGN (0x4)
                0x00000000000097b4                __text_region_end = .

.ARM.exidx      0x00000000000097b4        0x8
                0x00000000000097b4                __exidx_start = .
 *(SORT_BY_ALIGNMENT(.ARM.exidx*) SORT_BY_ALIGNMENT(gnu.linkonce.armexidx.*))
 .ARM.exidx     0x00000000000097b4        0x8 /opt/nordic/ncs/toolchains/ef4fc6722e/opt/zephyr-sdk/arm-zephyr-eabi/bin/../lib/gcc/../../picolibc/arm-zephyr-eabi/lib/thumb/v8-m.main/nofp/libc.a(strlen.S.o)
 .ARM.exidx     0x00000000000097bc        0x0 /opt/nordic/ncs/toolchains/ef4fc6722e/opt/zephyr-sdk/arm-zephyr-eabi/bin/../lib/gcc/arm-zephyr-eabi/12.2.0/thumb/v8-m.main/nofp/libgcc.a(_udivmoddi4.o)
                                          0x8 (size before relaxing)
                0x00000000000097bc                __exidx_end = .
                0x00000000000097bc                __rodata_region_start = .

initlevel       0x00000000000097bc       0x80
                0x00000000000097bc                __init_start = .
                0x00000000000097bc                __init_EARLY_start = .
 *(SORT_BY_NAME(SORT_BY_ALIGNMENT(.z_init_EARLY?_*)))
 *(SORT_BY_NAME(SORT_BY_ALIGNMENT(.z_init_EARLY??_*)))
                0x00000000000097bc                __init_PRE_KERNEL_1_start = .
 *(SORT_BY_NAME(SORT_BY_ALIGNMENT(.z_init_PRE_KERNEL_1?_*)))
 .z_init_PRE_KERNEL_10_0_
                0x00000000000097bc        0x8 zephyr/soc/soc/nrf5340/libsoc__nordic.a(soc.c.obj)
 .z_init_PRE_KERNEL_10_0_
                0x00000000000097c4        0x8 zephyr/soc/soc/nrf5340/libsoc__nordic.a(nrf53_cpunet_mgmt.c.obj)
 *(SORT_BY_NAME(SORT_BY_ALIGNMENT(.z_init_PRE_KERNEL_1??_*)))
 .z_init_PRE_KERNEL_130_00079_
                0x00000000000097cc        0x8 zephyr/drivers/clock_control/libdrivers__clock_control.a(clock_control_nrf.c.obj)
 .z_init_PRE_KERNEL_130_0_
                0x00000000000097d4        0x8 zephyr/kernel/libkernel.a(mem_slab.c.obj)
 .z_init_PRE_KERNEL_130_0_
                0x00000000000097dc        0x8 zephyr/kernel/libkernel.a(kheap.c.obj)
 .z_init_PRE_KERNEL_140_00012_
                0x00000000000097e4        0x8 zephyr/drivers/gpio/libdrivers__gpio.a(gpio_nrfx.c.obj)
 .z_init_PRE_KERNEL_140_00033_
                0x00000000000097ec        0x8 zephyr/drivers/gpio/libdrivers__gpio.a(gpio_nrfx.c.obj)
 .z_init_PRE_KERNEL_140_0_
                0x00000000000097f4        0x8 modules/nrf/drivers/hw_cc3xx/lib..__nrf__drivers__hw_cc3xx.a(hw_cc3xx.c.obj)
 .z_init_PRE_KERNEL_150_00116_
                0x00000000000097fc        0x8 zephyr/drivers/serial/libdrivers__serial.a(uart_nrfx_uarte.c.obj)
 .z_init_PRE_KERNEL_160_0_
                0x0000000000009804        0x8 zephyr/drivers/console/libdrivers__console.a(uart_console.c.obj)
                0x000000000000980c                __init_PRE_KERNEL_2_start = .
 *(SORT_BY_NAME(SORT_BY_ALIGNMENT(.z_init_PRE_KERNEL_2?_*)))
 .z_init_PRE_KERNEL_20_0_
                0x000000000000980c        0x8 zephyr/drivers/timer/libdrivers__timer.a(nrf_rtc_timer.c.obj)
 *(SORT_BY_NAME(SORT_BY_ALIGNMENT(.z_init_PRE_KERNEL_2??_*)))
                0x0000000000009814                __init_POST_KERNEL_start = .
 *(SORT_BY_NAME(SORT_BY_ALIGNMENT(.z_init_POST_KERNEL?_*)))
 .z_init_POST_KERNEL0_0_
                0x0000000000009814        0x8 zephyr/libzephyr.a(log_core.c.obj)
 .z_init_POST_KERNEL0_0_
                0x000000000000981c        0x8 zephyr/soc/soc/nrf5340/libsoc__nordic.a(soc.c.obj)
 *(SORT_BY_NAME(SORT_BY_ALIGNMENT(.z_init_POST_KERNEL??_*)))
 .z_init_POST_KERNEL35_0_
                0x0000000000009824        0x8 zephyr/lib/libc/common/liblib__libc__common.a(malloc.c.obj)
 .z_init_POST_KERNEL40_0_
                0x000000000000982c        0x8 modules/nrf/drivers/hw_cc3xx/lib..__nrf__drivers__hw_cc3xx.a(hw_cc3xx.c.obj)
 .z_init_POST_KERNEL50_0_
                0x0000000000009834        0x8 modules/nrf/subsys/nrf_security/src/zephyr/libmbedtls_zephyr.a(psa_crypto_init.c.obj)
                0x000000000000983c                __init_APPLICATION_start = .
 *(SORT_BY_NAME(SORT_BY_ALIGNMENT(.z_init_APPLICATION?_*)))
 *(SORT_BY_NAME(SORT_BY_ALIGNMENT(.z_init_APPLICATION??_*)))
                0x000000000000983c                __init_SMP_start = .
 *(SORT_BY_NAME(SORT_BY_ALIGNMENT(.z_init_SMP?_*)))
 *(SORT_BY_NAME(SORT_BY_ALIGNMENT(.z_init_SMP??_*)))
                0x000000000000983c                __init_end = .
                0x000000000000983c                __deferred_init_list_start = .
 *(SORT_BY_ALIGNMENT(.z_deferred_init*))
                0x000000000000983c                __deferred_init_list_end = .

device_area     0x000000000000983c       0x50
                0x000000000000983c                _device_list_start = .
 *(SORT_BY_NAME(SORT_BY_ALIGNMENT(._device.static.*_?_*)))
 *(SORT_BY_NAME(SORT_BY_ALIGNMENT(._device.static.*_??_*)))
 ._device.static.1_30_
                0x000000000000983c       0x14 zephyr/drivers/clock_control/libdrivers__clock_control.a(clock_control_nrf.c.obj)
                0x000000000000983c                __device_dts_ord_79
 ._device.static.1_40_
                0x0000000000009850       0x28 zephyr/drivers/gpio/libdrivers__gpio.a(gpio_nrfx.c.obj)
                0x0000000000009850                __device_dts_ord_33
                0x0000000000009864                __device_dts_ord_12
 ._device.static.1_50_
                0x0000000000009878       0x14 zephyr/drivers/serial/libdrivers__serial.a(uart_nrfx_uarte.c.obj)
                0x0000000000009878                __device_dts_ord_116
                0x000000000000988c                _device_list_end = .

sw_isr_table    0x000000000000988c      0x228
                0x000000000000988c                . = ALIGN (0x4)
 *(SORT_BY_ALIGNMENT(.gnu.linkonce.sw_isr_table*))
 .gnu.linkonce.sw_isr_table
                0x000000000000988c      0x228 zephyr/arch/common/libisr_tables.a(isr_tables.c.obj)
                0x000000000000988c                _sw_isr_table

initlevel_error
                0x00000000000097bc        0x0
 *(SORT_BY_NAME(SORT_BY_ALIGNMENT(.z_init_[_A-Z0-9]*)))
                0x0000000000000001                ASSERT ((SIZEOF (initlevel_error) == 0x0), Undefined initialization levels used.)

app_shmem_regions
                0x0000000000009ab4        0x0
                0x0000000000009ab4                __app_shmem_regions_start = .
 *(SORT_BY_NAME(SORT_BY_ALIGNMENT(.app_regions.*)))
                0x0000000000009ab4                __app_shmem_regions_end = .

k_p4wq_initparam_area
                0x0000000000009ab4        0x0
                0x0000000000009ab4                _k_p4wq_initparam_list_start = .
 *(SORT_BY_NAME(SORT_BY_ALIGNMENT(._k_p4wq_initparam.static.*)))
                0x0000000000009ab4                _k_p4wq_initparam_list_end = .

_static_thread_data_area
                0x0000000000009ab4        0x0
                0x0000000000009ab4                __static_thread_data_list_start = .
 *(SORT_BY_NAME(SORT_BY_ALIGNMENT(.__static_thread_data.static.*)))
                0x0000000000009ab4                __static_thread_data_list_end = .

device_deps     0x0000000000009ab4        0x0
                0x0000000000009ab4                __device_deps_start = .
 *(SORT_BY_NAME(SORT_BY_ALIGNMENT(.__device_deps_pass2*)))
                0x0000000000009ab4                __device_deps_end = .

entropy_driver_api_area
                0x0000000000009ab4        0x0
                0x0000000000009ab4                _entropy_driver_api_list_start = .
 *(SORT_BY_NAME(SORT_BY_ALIGNMENT(._entropy_driver_api.static.*)))
                0x0000000000009ab4                _entropy_driver_api_list_end = .

gpio_driver_api_area
                0x0000000000009ab4       0x24
                0x0000000000009ab4                _gpio_driver_api_list_start = .
 *(SORT_BY_NAME(SORT_BY_ALIGNMENT(._gpio_driver_api.static.*)))
 ._gpio_driver_api.static.gpio_nrfx_drv_api_funcs_
                0x0000000000009ab4       0x24 zephyr/drivers/gpio/libdrivers__gpio.a(gpio_nrfx.c.obj)
                0x0000000000009ad8                _gpio_driver_api_list_end = .

shared_irq_driver_api_area
                0x0000000000009ad8        0x0
                0x0000000000009ad8                _shared_irq_driver_api_list_start = .
 *(SORT_BY_NAME(SORT_BY_ALIGNMENT(._shared_irq_driver_api.static.*)))
                0x0000000000009ad8                _shared_irq_driver_api_list_end = .

crypto_driver_api_area
                0x0000000000009ad8        0x0
                0x0000000000009ad8                _crypto_driver_api_list_start = .
 *(SORT_BY_NAME(SORT_BY_ALIGNMENT(._crypto_driver_api.static.*)))
                0x0000000000009ad8                _crypto_driver_api_list_end = .

adc_driver_api_area
                0x0000000000009ad8        0x0
                0x0000000000009ad8                _adc_driver_api_list_start = .
 *(SORT_BY_NAME(SORT_BY_ALIGNMENT(._adc_driver_api.static.*)))
                0x0000000000009ad8                _adc_driver_api_list_end = .

auxdisplay_driver_api_area
                0x0000000000009ad8        0x0
                0x0000000000009ad8                _auxdisplay_driver_api_list_start = .
 *(SORT_BY_NAME(SORT_BY_ALIGNMENT(._auxdisplay_driver_api.static.*)))